Archive member included to satisfy reference by file (symbol)

/Users/nimaaghli/Documents/workspace/STM32AI_QuickDraw/Middlewares/ST/AI/AI/lib/network_runtime.a(ai_platform_interface.o)
                              Middlewares/ST/AI/AI/src/network.o (ai_platform_api_get_version)
/Users/nimaaghli/Documents/workspace/STM32AI_QuickDraw/Middlewares/ST/AI/AI/lib/network_runtime.a(core_common.o)
                              /Users/nimaaghli/Documents/workspace/STM32AI_QuickDraw/Middlewares/ST/AI/AI/lib/network_runtime.a(ai_platform_interface.o) (core_get_error)
/Users/nimaaghli/Documents/workspace/STM32AI_QuickDraw/Middlewares/ST/AI/AI/lib/network_runtime.a(layers.o)
                              /Users/nimaaghli/Documents/workspace/STM32AI_QuickDraw/Middlewares/ST/AI/AI/lib/network_runtime.a(ai_platform_interface.o) (ai_check_custom_types)
/Users/nimaaghli/Documents/workspace/STM32AI_QuickDraw/Middlewares/ST/AI/AI/lib/network_runtime.a(layers_conv2d_generic_float.o)
                              Middlewares/ST/AI/AI/src/network.o (forward_conv2d)
/Users/nimaaghli/Documents/workspace/STM32AI_QuickDraw/Middlewares/ST/AI/AI/lib/network_runtime.a(layers_nl_generic_float.o)
                              Middlewares/ST/AI/AI/src/network.o (forward_relu)
/Users/nimaaghli/Documents/workspace/STM32AI_QuickDraw/Middlewares/ST/AI/AI/lib/network_runtime.a(layers_pool_generic_float.o)
                              Middlewares/ST/AI/AI/src/network.o (pool_func_mp_array_f32)
/Users/nimaaghli/Documents/workspace/STM32AI_QuickDraw/Middlewares/ST/AI/AI/lib/network_runtime.a(ai_math_helpers.o)
                              /Users/nimaaghli/Documents/workspace/STM32AI_QuickDraw/Middlewares/ST/AI/AI/lib/network_runtime.a(layers_conv2d_generic_float.o) (ai_math_dot_array)
/Applications/Ac6/SystemWorkbench.app/Contents/Eclipse/plugins/fr.ac6.mcu.externaltools.arm-none.macos64_1.17.0.201812190825/tools/compiler/bin/../lib/gcc/arm-none-eabi/7.3.1/../../../../arm-none-eabi/lib/thumb/v7e-m/fpv4-sp/hard/libm.a(lib_a-sf_tanh.o)
                              /Users/nimaaghli/Documents/workspace/STM32AI_QuickDraw/Middlewares/ST/AI/AI/lib/network_runtime.a(layers_nl_generic_float.o) (tanhf)
/Applications/Ac6/SystemWorkbench.app/Contents/Eclipse/plugins/fr.ac6.mcu.externaltools.arm-none.macos64_1.17.0.201812190825/tools/compiler/bin/../lib/gcc/arm-none-eabi/7.3.1/../../../../arm-none-eabi/lib/thumb/v7e-m/fpv4-sp/hard/libm.a(lib_a-wf_exp.o)
                              /Users/nimaaghli/Documents/workspace/STM32AI_QuickDraw/Middlewares/ST/AI/AI/lib/network_runtime.a(layers_nl_generic_float.o) (expf)
/Applications/Ac6/SystemWorkbench.app/Contents/Eclipse/plugins/fr.ac6.mcu.externaltools.arm-none.macos64_1.17.0.201812190825/tools/compiler/bin/../lib/gcc/arm-none-eabi/7.3.1/../../../../arm-none-eabi/lib/thumb/v7e-m/fpv4-sp/hard/libm.a(lib_a-wf_pow.o)
                              /Users/nimaaghli/Documents/workspace/STM32AI_QuickDraw/Middlewares/ST/AI/AI/lib/network_runtime.a(ai_math_helpers.o) (powf)
/Applications/Ac6/SystemWorkbench.app/Contents/Eclipse/plugins/fr.ac6.mcu.externaltools.arm-none.macos64_1.17.0.201812190825/tools/compiler/bin/../lib/gcc/arm-none-eabi/7.3.1/../../../../arm-none-eabi/lib/thumb/v7e-m/fpv4-sp/hard/libm.a(lib_a-ef_exp.o)
                              /Applications/Ac6/SystemWorkbench.app/Contents/Eclipse/plugins/fr.ac6.mcu.externaltools.arm-none.macos64_1.17.0.201812190825/tools/compiler/bin/../lib/gcc/arm-none-eabi/7.3.1/../../../../arm-none-eabi/lib/thumb/v7e-m/fpv4-sp/hard/libm.a(lib_a-wf_exp.o) (__ieee754_expf)
/Applications/Ac6/SystemWorkbench.app/Contents/Eclipse/plugins/fr.ac6.mcu.externaltools.arm-none.macos64_1.17.0.201812190825/tools/compiler/bin/../lib/gcc/arm-none-eabi/7.3.1/../../../../arm-none-eabi/lib/thumb/v7e-m/fpv4-sp/hard/libm.a(lib_a-ef_pow.o)
                              /Applications/Ac6/SystemWorkbench.app/Contents/Eclipse/plugins/fr.ac6.mcu.externaltools.arm-none.macos64_1.17.0.201812190825/tools/compiler/bin/../lib/gcc/arm-none-eabi/7.3.1/../../../../arm-none-eabi/lib/thumb/v7e-m/fpv4-sp/hard/libm.a(lib_a-wf_pow.o) (__ieee754_powf)
/Applications/Ac6/SystemWorkbench.app/Contents/Eclipse/plugins/fr.ac6.mcu.externaltools.arm-none.macos64_1.17.0.201812190825/tools/compiler/bin/../lib/gcc/arm-none-eabi/7.3.1/../../../../arm-none-eabi/lib/thumb/v7e-m/fpv4-sp/hard/libm.a(lib_a-ef_sqrt.o)
                              /Applications/Ac6/SystemWorkbench.app/Contents/Eclipse/plugins/fr.ac6.mcu.externaltools.arm-none.macos64_1.17.0.201812190825/tools/compiler/bin/../lib/gcc/arm-none-eabi/7.3.1/../../../../arm-none-eabi/lib/thumb/v7e-m/fpv4-sp/hard/libm.a(lib_a-ef_pow.o) (__ieee754_sqrtf)
/Applications/Ac6/SystemWorkbench.app/Contents/Eclipse/plugins/fr.ac6.mcu.externaltools.arm-none.macos64_1.17.0.201812190825/tools/compiler/bin/../lib/gcc/arm-none-eabi/7.3.1/../../../../arm-none-eabi/lib/thumb/v7e-m/fpv4-sp/hard/libm.a(lib_a-s_lib_ver.o)
[...]
Memory Configuration

Name             Origin             Length             Attributes
RAM              0x0000000020000000 0x0000000000030000 xrw
CCMRAM           0x0000000010000000 0x0000000000010000 rw
FLASH            0x0000000008000000 0x0000000000200000 xr
*default*        0x0000000000000000 0xffffffffffffffff

Linker script and memory map

LOAD /Applications/Ac6/SystemWorkbench.app/Contents/Eclipse/plugins/fr.ac6.mcu.externaltools.arm-none.macos64_1.17.0.201812190825/tools/compiler/bin/../lib/gcc/arm-none-eabi/7.3.1/thumb/v7e-m/fpv4-sp/hard/crti.o
LOAD /Applications/Ac6/SystemWorkbench.app/Contents/Eclipse/plugins/fr.ac6.mcu.externaltools.arm-none.macos64_1.17.0.201812190825/tools/compiler/bin/../lib/gcc/arm-none-eabi/7.3.1/thumb/v7e-m/fpv4-sp/hard/crtbegin.o
LOAD /Applications/Ac6/SystemWorkbench.app/Contents/Eclipse/plugins/fr.ac6.mcu.externaltools.arm-none.macos64_1.17.0.201812190825/tools/compiler/bin/../lib/gcc/arm-none-eabi/7.3.1/../../../../arm-none-eabi/lib/thumb/v7e-m/fpv4-sp/hard/crt0.o
LOAD Application/SW4STM32/startup_stm32f429xx.o
LOAD Application/SW4STM32/syscalls.o
LOAD Application/User/app_x-cube-ai.o
LOAD Application/User/main.o
LOAD Application/User/stm32f4xx_hal_msp.o
LOAD Application/User/stm32f4xx_it.o
LOAD Drivers/BSP/Components/ili9325/ili9325.o
LOAD Drivers/BSP/Components/ili9341/ili9341.o
LOAD Drivers/BSP/Components/stmpe811/stmpe811.o
LOAD Drivers/BSP/STM32F429I-Discovery/stm32f429i_discovery.o
LOAD Drivers/BSP/STM32F429I-Discovery/stm32f429i_discovery_eeprom.o
LOAD Drivers/BSP/STM32F429I-Discovery/stm32f429i_discovery_io.o
LOAD Drivers/BSP/STM32F429I-Discovery/stm32f429i_discovery_lcd.o
LOAD Drivers/BSP/STM32F429I-Discovery/stm32f429i_discovery_sdram.o
LOAD Drivers/BSP/STM32F429I-Discovery/stm32f429i_discovery_ts.o
LOAD Drivers/CMSIS/DSP/Source/BasicMathFunctions/arm_dot_prod_f32.o
LOAD Drivers/CMSIS/system_stm32f4xx.o
LOAD Drivers/STM32F4xx_HAL_Driver/stm32f4xx_hal.o
LOAD Drivers/STM32F4xx_HAL_Driver/stm32f4xx_hal_cortex.o
LOAD Drivers/STM32F4xx_HAL_Driver/stm32f4xx_hal_crc.o
LOAD Drivers/STM32F4xx_HAL_Driver/stm32f4xx_hal_dma.o
LOAD Drivers/STM32F4xx_HAL_Driver/stm32f4xx_hal_dma2d.o
LOAD Drivers/STM32F4xx_HAL_Driver/stm32f4xx_hal_dma_ex.o
LOAD Drivers/STM32F4xx_HAL_Driver/stm32f4xx_hal_dsi.o
LOAD Drivers/STM32F4xx_HAL_Driver/stm32f4xx_hal_exti.o
LOAD Drivers/STM32F4xx_HAL_Driver/stm32f4xx_hal_flash.o
LOAD Drivers/STM32F4xx_HAL_Driver/stm32f4xx_hal_flash_ex.o
LOAD Drivers/STM32F4xx_HAL_Driver/stm32f4xx_hal_flash_ramfunc.o
LOAD Drivers/STM32F4xx_HAL_Driver/stm32f4xx_hal_gpio.o
LOAD Drivers/STM32F4xx_HAL_Driver/stm32f4xx_hal_i2c.o
LOAD Drivers/STM32F4xx_HAL_Driver/stm32f4xx_hal_i2c_ex.o
LOAD Drivers/STM32F4xx_HAL_Driver/stm32f4xx_hal_ltdc.o
LOAD Drivers/STM32F4xx_HAL_Driver/stm32f4xx_hal_ltdc_ex.o
LOAD Drivers/STM32F4xx_HAL_Driver/stm32f4xx_hal_pwr.o
LOAD Drivers/STM32F4xx_HAL_Driver/stm32f4xx_hal_pwr_ex.o
LOAD Drivers/STM32F4xx_HAL_Driver/stm32f4xx_hal_rcc.o
LOAD Drivers/STM32F4xx_HAL_Driver/stm32f4xx_hal_rcc_ex.o
LOAD Drivers/STM32F4xx_HAL_Driver/stm32f4xx_hal_sdram.o
LOAD Drivers/STM32F4xx_HAL_Driver/stm32f4xx_hal_spi.o
LOAD Drivers/STM32F4xx_HAL_Driver/stm32f4xx_hal_tim.o
LOAD Drivers/STM32F4xx_HAL_Driver/stm32f4xx_hal_tim_ex.o
LOAD Drivers/STM32F4xx_HAL_Driver/stm32f4xx_hal_uart.o
LOAD Drivers/STM32F4xx_HAL_Driver/stm32f4xx_ll_fmc.o
LOAD Middlewares/ST/AI/AI/data/network_data.o
LOAD Middlewares/ST/AI/AI/src/network.o
LOAD /Users/nimaaghli/Documents/workspace/STM32AI_QuickDraw/Middlewares/ST/AI/AI/lib/network_runtime.a
LOAD /Applications/Ac6/SystemWorkbench.app/Contents/Eclipse/plugins/fr.ac6.mcu.externaltools.arm-none.macos64_1.17.0.201812190825/tools/compiler/bin/../lib/gcc/arm-none-eabi/7.3.1/../../../../arm-none-eabi/lib/thumb/v7e-m/fpv4-sp/hard/libstdc++_nano.a
LOAD /Applications/Ac6/SystemWorkbench.app/Contents/Eclipse/plugins/fr.ac6.mcu.externaltools.arm-none.macos64_1.17.0.201812190825/tools/compiler/bin/../lib/gcc/arm-none-eabi/7.3.1/../../../../arm-none-eabi/lib/thumb/v7e-m/fpv4-sp/hard/libm.a
START GROUP
LOAD /Applications/Ac6/SystemWorkbench.app/Contents/Eclipse/plugins/fr.ac6.mcu.externaltools.arm-none.macos64_1.17.0.201812190825/tools/compiler/bin/../lib/gcc/arm-none-eabi/7.3.1/thumb/v7e-m/fpv4-sp/hard/libgcc.a
LOAD /Applications/Ac6/SystemWorkbench.app/Contents/Eclipse/plugins/fr.ac6.mcu.externaltools.arm-none.macos64_1.17.0.201812190825/tools/compiler/bin/../lib/gcc/arm-none-eabi/7.3.1/../../../../arm-none-eabi/lib/thumb/v7e-m/fpv4-sp/hard/libc_nano.a
END GROUP
START GROUP
LOAD /Applications/Ac6/SystemWorkbench.app/Contents/Eclipse/plugins/fr.ac6.mcu.externaltools.arm-none.macos64_1.17.0.201812190825/tools/compiler/bin/../lib/gcc/arm-none-eabi/7.3.1/thumb/v7e-m/fpv4-sp/hard/libgcc.a
LOAD /Applications/Ac6/SystemWorkbench.app/Contents/Eclipse/plugins/fr.ac6.mcu.externaltools.arm-none.macos64_1.17.0.201812190825/tools/compiler/bin/../lib/gcc/arm-none-eabi/7.3.1/../../../../arm-none-eabi/lib/thumb/v7e-m/fpv4-sp/hard/libc_nano.a
LOAD /Applications/Ac6/SystemWorkbench.app/Contents/Eclipse/plugins/fr.ac6.mcu.externaltools.arm-none.macos64_1.17.0.201812190825/tools/compiler/bin/../lib/gcc/arm-none-eabi/7.3.1/../../../../arm-none-eabi/lib/thumb/v7e-m/fpv4-sp/hard/libnosys.a
END GROUP
START GROUP
LOAD /Applications/Ac6/SystemWorkbench.app/Contents/Eclipse/plugins/fr.ac6.mcu.externaltools.arm-none.macos64_1.17.0.201812190825/tools/compiler/bin/../lib/gcc/arm-none-eabi/7.3.1/thumb/v7e-m/fpv4-sp/hard/libgcc.a
LOAD /Applications/Ac6/SystemWorkbench.app/Contents/Eclipse/plugins/fr.ac6.mcu.externaltools.arm-none.macos64_1.17.0.201812190825/tools/compiler/bin/../lib/gcc/arm-none-eabi/7.3.1/../../../../arm-none-eabi/lib/thumb/v7e-m/fpv4-sp/hard/libc_nano.a
LOAD /Applications/Ac6/SystemWorkbench.app/Contents/Eclipse/plugins/fr.ac6.mcu.externaltools.arm-none.macos64_1.17.0.201812190825/tools/compiler/bin/../lib/gcc/arm-none-eabi/7.3.1/../../../../arm-none-eabi/lib/thumb/v7e-m/fpv4-sp/hard/libnosys.a
END GROUP
LOAD /Applications/Ac6/SystemWorkbench.app/Contents/Eclipse/plugins/fr.ac6.mcu.externaltools.arm-none.macos64_1.17.0.201812190825/tools/compiler/bin/../lib/gcc/arm-none-eabi/7.3.1/thumb/v7e-m/fpv4-sp/hard/crtend.o
LOAD /Applications/Ac6/SystemWorkbench.app/Contents/Eclipse/plugins/fr.ac6.mcu.externaltools.arm-none.macos64_1.17.0.201812190825/tools/compiler/bin/../lib/gcc/arm-none-eabi/7.3.1/thumb/v7e-m/fpv4-sp/hard/crtn.o
                0x0000000020030000                _estack = 0x20030000
                0x0000000000002000                _Min_Heap_Size = 0x2000
                0x0000000000004000                _Min_Stack_Size = 0x4000

.isr_vector     0x0000000008000000      0x1ac
                0x0000000008000000                . = ALIGN (0x4)
 *(.isr_vector)
 .isr_vector    0x0000000008000000      0x1ac Application/SW4STM32/startup_stm32f429xx.o
                0x0000000008000000                g_pfnVectors
                0x00000000080001ac                . = ALIGN (0x4)

.text           0x00000000080001b0     0xc774
                0x00000000080001b0                . = ALIGN (0x4)
 *(.text)
 .text          0x00000000080001b0       0x40 /Applications/Ac6/SystemWorkbench.app/Contents/Eclipse/plugins/fr.ac6.mcu.externaltools.arm-none.macos64_1.17.0.201812190825/tools/compiler/bin/../lib/gcc/arm-none-eabi/7.3.1/thumb/v7e-m/fpv4-sp/hard/crtbegin.o
 .text          0x00000000080001f0      0x4c4 /Users/nimaaghli/Documents/workspace/STM32AI_QuickDraw/Middlewares/ST/AI/AI/lib/network_runtime.a(ai_platform_interface.o)
                0x0000000008000252                ai_platform_runtime_get_revision
                0x0000000008000282                ai_platform_runtime_get_version
                0x00000000080002b6                ai_platform_api_get_version
                0x00000000080002ea                ai_platform_interface_api_get_version
                0x000000000800031e                ai_platform_context_acquire
                0x000000000800035a                ai_platform_context_release
                0x0000000008000368                ai_platform_network_get_error
                0x00000000080003ac                ai_platform_network_set_error
                0x00000000080003b8                ai_platform_network_create
                0x0000000008000434                ai_platform_network_destroy
                0x0000000008000472                ai_platform_network_init
                0x0000000008000508                ai_platform_network_process
 .text          0x00000000080006b4       0x24 /Users/nimaaghli/Documents/workspace/STM32AI_QuickDraw/Middlewares/ST/AI/AI/lib/network_runtime.a(core_common.o)
                0x00000000080006b4                core_init
                0x00000000080006b8                core_get_error
                0x00000000080006c2                core_set_error
 .text          0x00000000080006d8      0x1b8 /Users/nimaaghli/Documents/workspace/STM32AI_QuickDraw/Middlewares/ST/AI/AI/lib/network_runtime.a(layers.o)
                0x00000000080006d8                ai_layers_forward_layer
                0x00000000080006ec                ai_check_custom_types
                0x0000000008000714                ai_layer_type_name
                0x00000000080007d4                ai_layer_type_is_valid
                0x00000000080007f0                ai_layers_forward_all
 .text          0x0000000008000890     0x1000 /Users/nimaaghli/Documents/workspace/STM32AI_QuickDraw/Middlewares/ST/AI/AI/lib/network_runtime.a(layers_conv2d_generic_float.o)
                0x0000000008000d08                ai_dict8_dot_array_f32
                0x0000000008000fe0                ai_dict4_dot_array_f32
                0x0000000008001080                forward_conv2d
                0x00000000080011e4                forward_conv2d_nl_pool
                0x0000000008001518                forward_dense
                0x0000000008001810                forward_gemm
 .text          0x0000000008001890      0x716 /Users/nimaaghli/Documents/workspace/STM32AI_QuickDraw/Middlewares/ST/AI/AI/lib/network_runtime.a(layers_nl_generic_float.o)
                0x0000000008001890                nl_func_sm_channel_f32
                0x00000000080019b4                nl_func_sm_array_f32
                0x00000000080019e8                nl_func_tanh_array_f32
                0x0000000008001a10                nl_func_sigmoid_array_f32
                0x0000000008001a4c                nl_func_sign_array_f32
                0x0000000008001a84                nl_func_clip_array_f32
                0x0000000008001abc                nl_func_relu_array_f32
                0x0000000008001ae8                nl_func_relu6_array_f32
                0x0000000008001b28                nl_func_selu_array_f32
                0x0000000008001bb8                nl_func_prelu_array_f32
                0x0000000008001c04                forward_relu
                0x0000000008001c64                forward_relu6
                0x0000000008001cd8                forward_selu
                0x0000000008001d84                forward_prelu
                0x0000000008001dfc                forward_sign
                0x0000000008001e70                forward_clip
                0x0000000008001ed8                forward_sigmoid
                0x0000000008001f30                forward_tanh
                0x0000000008001f72                forward_sm
 *fill*         0x0000000008001fa6        0x2 
 .text          0x0000000008001fa8      0x66c /Users/nimaaghli/Documents/workspace/STM32AI_QuickDraw/Middlewares/ST/AI/AI/lib/network_runtime.a(layers_pool_generic_float.o)
                0x0000000008001fa8                pool_func_mp_array_f32
                0x0000000008002068                pool_func_ap_array_f32
                0x0000000008002184                forward_mp
                0x0000000008002384                forward_ap
 .text          0x0000000008002614       0xf0 /Users/nimaaghli/Documents/workspace/STM32AI_QuickDraw/Middlewares/ST/AI/AI/lib/network_runtime.a(ai_math_helpers.o)
                0x0000000008002614                ai_math_dot_array
                0x0000000008002640                ai_math_sqrt
                0x0000000008002658                ai_math_exp
                0x000000000800265c                ai_math_pow
                0x0000000008002660                ai_math_tanh
                0x0000000008002664                ai_math_relu
                0x0000000008002674                ai_math_prelu
                0x0000000008002684                ai_math_sigmoid
                0x00000000080026a4                ai_math_hard_sigmoid
                0x00000000080026d8                ai_math_sign
 .text          0x0000000008002704      0x378 /Applications/Ac6/SystemWorkbench.app/Contents/Eclipse/plugins/fr.ac6.mcu.externaltools.arm-none.macos64_1.17.0.201812190825/tools/compiler/bin/../lib/gcc/arm-none-eabi/7.3.1/thumb/v7e-m/fpv4-sp/hard/libgcc.a(_arm_addsubdf3.o)
                0x0000000008002704                __aeabi_drsub
                0x000000000800270c                __subdf3
                0x000000000800270c                __aeabi_dsub
                0x0000000008002710                __aeabi_dadd
                0x0000000008002710                __adddf3
                0x0000000008002988                __aeabi_ui2d
                0x0000000008002988                __floatunsidf
                0x00000000080029a8                __floatsidf
                0x00000000080029a8                __aeabi_i2d
                0x00000000080029cc                __extendsfdf2
                0x00000000080029cc                __aeabi_f2d
                0x0000000008002a10                __aeabi_ul2d
                0x0000000008002a10                __floatundidf
                0x0000000008002a20                __aeabi_l2d
                0x0000000008002a20                __floatdidf
 .text          0x0000000008002a7c       0xa0 /Applications/Ac6/SystemWorkbench.app/Contents/Eclipse/plugins/fr.ac6.mcu.externaltools.arm-none.macos64_1.17.0.201812190825/tools/compiler/bin/../lib/gcc/arm-none-eabi/7.3.1/thumb/v7e-m/fpv4-sp/hard/libgcc.a(_arm_truncdfsf2.o)
                0x0000000008002a7c                __aeabi_d2f
                0x0000000008002a7c                __truncdfsf2
 .text          0x0000000008002b1c       0x30 /Applications/Ac6/SystemWorkbench.app/Contents/Eclipse/plugins/fr.ac6.mcu.externaltools.arm-none.macos64_1.17.0.201812190825/tools/compiler/bin/../lib/gcc/arm-none-eabi/7.3.1/thumb/v7e-m/fpv4-sp/hard/libgcc.a(_aeabi_uldivmod.o)
                0x0000000008002b1c                __aeabi_uldivmod
 .text          0x0000000008002b4c      0x2cc /Applications/Ac6/SystemWorkbench.app/Contents/Eclipse/plugins/fr.ac6.mcu.externaltools.arm-none.macos64_1.17.0.201812190825/tools/compiler/bin/../lib/gcc/arm-none-eabi/7.3.1/thumb/v7e-m/fpv4-sp/hard/libgcc.a(_udivmoddi4.o)
                0x0000000008002b4c                __udivmoddi4
 .text          0x0000000008002e18        0x4 /Applications/Ac6/SystemWorkbench.app/Contents/Eclipse/plugins/fr.ac6.mcu.externaltools.arm-none.macos64_1.17.0.201812190825/tools/compiler/bin/../lib/gcc/arm-none-eabi/7.3.1/thumb/v7e-m/fpv4-sp/hard/libgcc.a(_dvmd_tls.o)
                0x0000000008002e18                __aeabi_ldiv0
                0x0000000008002e18                __aeabi_idiv0
 .text          0x0000000008002e1c       0x10 /Applications/Ac6/SystemWorkbench.app/Contents/Eclipse/plugins/fr.ac6.mcu.externaltools.arm-none.macos64_1.17.0.201812190825/tools/compiler/bin/../lib/gcc/arm-none-eabi/7.3.1/../../../../arm-none-eabi/lib/thumb/v7e-m/fpv4-sp/hard/libc_nano.a(lib_a-strlen.o)
                0x0000000008002e1c                strlen
 *fill*         0x0000000008002e2c        0x4 
 .text          0x0000000008002e30       0xa0 /Applications/Ac6/SystemWorkbench.app/Contents/Eclipse/plugins/fr.ac6.mcu.externaltools.arm-none.macos64_1.17.0.201812190825/tools/compiler/bin/../lib/gcc/arm-none-eabi/7.3.1/../../../../arm-none-eabi/lib/thumb/v7e-m/fpv4-sp/hard/libc_nano.a(lib_a-memchr.o)
                0x0000000008002e30                memchr
 .text          0x0000000008002ed0      0x424 /Applications/Ac6/SystemWorkbench.app/Contents/Eclipse/plugins/fr.ac6.mcu.externaltools.arm-none.macos64_1.17.0.201812190825/tools/compiler/bin/../lib/gcc/arm-none-eabi/7.3.1/thumb/v7e-m/fpv4-sp/hard/libgcc.a(_arm_muldivdf3.o)
                0x0000000008002ed0                __aeabi_dmul
                0x0000000008002ed0                __muldf3
                0x0000000008003124                __aeabi_ddiv
                0x0000000008003124                __divdf3
 .text          0x00000000080032f4      0x110 /Applications/Ac6/SystemWorkbench.app/Contents/Eclipse/plugins/fr.ac6.mcu.externaltools.arm-none.macos64_1.17.0.201812190825/tools/compiler/bin/../lib/gcc/arm-none-eabi/7.3.1/thumb/v7e-m/fpv4-sp/hard/libgcc.a(_arm_cmpdf2.o)
                0x00000000080032f4                __gedf2
                0x00000000080032f4                __gtdf2
                0x00000000080032fc                __ledf2
                0x00000000080032fc                __ltdf2
                0x0000000008003304                __cmpdf2
                0x0000000008003304                __eqdf2
                0x0000000008003304                __nedf2
                0x0000000008003380                __aeabi_cdrcmple
                0x0000000008003390                __aeabi_cdcmple
                0x0000000008003390                __aeabi_cdcmpeq
                0x00000000080033a0                __aeabi_dcmpeq
                0x00000000080033b4                __aeabi_dcmplt
                0x00000000080033c8                __aeabi_dcmple
                0x00000000080033dc                __aeabi_dcmpge
                0x00000000080033f0                __aeabi_dcmpgt
 .text          0x0000000008003404       0x2c /Applications/Ac6/SystemWorkbench.app/Contents/Eclipse/plugins/fr.ac6.mcu.externaltools.arm-none.macos64_1.17.0.201812190825/tools/compiler/bin/../lib/gcc/arm-none-eabi/7.3.1/thumb/v7e-m/fpv4-sp/hard/libgcc.a(_arm_unorddf2.o)
                0x0000000008003404                __aeabi_dcmpun
                0x0000000008003404                __unorddf2
 .text          0x0000000008003430       0x50 /Applications/Ac6/SystemWorkbench.app/Contents/Eclipse/plugins/fr.ac6.mcu.externaltools.arm-none.macos64_1.17.0.201812190825/tools/compiler/bin/../lib/gcc/arm-none-eabi/7.3.1/thumb/v7e-m/fpv4-sp/hard/libgcc.a(_arm_fixdfsi.o)
                0x0000000008003430                __fixdfsi
                0x0000000008003430                __aeabi_d2iz
 *(.text*)
 .text.Reset_Handler
                0x0000000008003480       0x50 Application/SW4STM32/startup_stm32f429xx.o
                0x0000000008003480                Reset_Handler
 .text.Default_Handler
                0x00000000080034d0        0x2 Application/SW4STM32/startup_stm32f429xx.o
                0x00000000080034d0                DMA1_Stream3_IRQHandler
                0x00000000080034d0                HASH_RNG_IRQHandler
                0x00000000080034d0                EXTI2_IRQHandler
                0x00000000080034d0                TIM8_CC_IRQHandler
                0x00000000080034d0                UART8_IRQHandler
                0x00000000080034d0                SPI4_IRQHandler
                0x00000000080034d0                TIM1_CC_IRQHandler
                0x00000000080034d0                DMA2_Stream5_IRQHandler
                0x00000000080034d0                DMA1_Stream5_IRQHandler
                0x00000000080034d0                PVD_IRQHandler
                0x00000000080034d0                SDIO_IRQHandler
                0x00000000080034d0                TAMP_STAMP_IRQHandler
                0x00000000080034d0                CAN2_RX1_IRQHandler
                0x00000000080034d0                EXTI3_IRQHandler
                0x00000000080034d0                TIM8_TRG_COM_TIM14_IRQHandler
                0x00000000080034d0                TIM1_UP_TIM10_IRQHandler
                0x00000000080034d0                TIM8_UP_TIM13_IRQHandler
                0x00000000080034d0                I2C3_ER_IRQHandler
                0x00000000080034d0                EXTI0_IRQHandler
                0x00000000080034d0                I2C2_EV_IRQHandler
                0x00000000080034d0                DMA1_Stream2_IRQHandler
                0x00000000080034d0                CAN1_RX0_IRQHandler
                0x00000000080034d0                FPU_IRQHandler
                0x00000000080034d0                OTG_HS_WKUP_IRQHandler
                0x00000000080034d0                LTDC_ER_IRQHandler
                0x00000000080034d0                CAN2_SCE_IRQHandler
                0x00000000080034d0                DMA2_Stream2_IRQHandler
                0x00000000080034d0                SPI1_IRQHandler
                0x00000000080034d0                TIM6_DAC_IRQHandler
                0x00000000080034d0                TIM1_BRK_TIM9_IRQHandler
                0x00000000080034d0                DCMI_IRQHandler
                0x00000000080034d0                CAN2_RX0_IRQHandler
                0x00000000080034d0                DMA2_Stream3_IRQHandler
                0x00000000080034d0                USART6_IRQHandler
                0x00000000080034d0                USART3_IRQHandler
                0x00000000080034d0                CAN1_RX1_IRQHandler
                0x00000000080034d0                UART5_IRQHandler
                0x00000000080034d0                DMA2_Stream0_IRQHandler
                0x00000000080034d0                TIM4_IRQHandler
                0x00000000080034d0                I2C1_EV_IRQHandler
                0x00000000080034d0                DMA1_Stream6_IRQHandler
                0x00000000080034d0                DMA1_Stream1_IRQHandler
                0x00000000080034d0                UART4_IRQHandler
                0x00000000080034d0                TIM3_IRQHandler
                0x00000000080034d0                RCC_IRQHandler
                0x00000000080034d0                TIM8_BRK_TIM12_IRQHandler
                0x00000000080034d0                Default_Handler
                0x00000000080034d0                EXTI15_10_IRQHandler
                0x00000000080034d0                ADC_IRQHandler
                0x00000000080034d0                DMA1_Stream7_IRQHandler
                0x00000000080034d0                SPI5_IRQHandler
                0x00000000080034d0                TIM7_IRQHandler
                0x00000000080034d0                CAN2_TX_IRQHandler
                0x00000000080034d0                TIM5_IRQHandler
                0x00000000080034d0                DMA2_Stream7_IRQHandler
                0x00000000080034d0                I2C3_EV_IRQHandler
                0x00000000080034d0                EXTI9_5_IRQHandler
                0x00000000080034d0                RTC_WKUP_IRQHandler
                0x00000000080034d0                LTDC_IRQHandler
                0x00000000080034d0                ETH_WKUP_IRQHandler
                0x00000000080034d0                SPI2_IRQHandler
                0x00000000080034d0                OTG_HS_EP1_IN_IRQHandler
                0x00000000080034d0                DMA1_Stream0_IRQHandler
                0x00000000080034d0                CAN1_TX_IRQHandler
                0x00000000080034d0                EXTI4_IRQHandler
                0x00000000080034d0                ETH_IRQHandler
                0x00000000080034d0                OTG_HS_EP1_OUT_IRQHandler
                0x00000000080034d0                WWDG_IRQHandler
                0x00000000080034d0                SPI6_IRQHandler
                0x00000000080034d0                TIM2_IRQHandler
                0x00000000080034d0                OTG_FS_WKUP_IRQHandler
                0x00000000080034d0                TIM1_TRG_COM_TIM11_IRQHandler
                0x00000000080034d0                OTG_HS_IRQHandler
                0x00000000080034d0                DMA2D_IRQHandler
                0x00000000080034d0                EXTI1_IRQHandler
                0x00000000080034d0                UART7_IRQHandler
                0x00000000080034d0                USART2_IRQHandler
                0x00000000080034d0                I2C2_ER_IRQHandler
                0x00000000080034d0                DMA2_Stream1_IRQHandler
                0x00000000080034d0                CAN1_SCE_IRQHandler
                0x00000000080034d0                FLASH_IRQHandler
                0x00000000080034d0                DMA2_Stream4_IRQHandler
                0x00000000080034d0                USART1_IRQHandler
                0x00000000080034d0                OTG_FS_IRQHandler
                0x00000000080034d0                SPI3_IRQHandler
                0x00000000080034d0                DMA1_Stream4_IRQHandler
                0x00000000080034d0                I2C1_ER_IRQHandler
                0x00000000080034d0                FMC_IRQHandler
                0x00000000080034d0                DMA2_Stream6_IRQHandler
                0x00000000080034d0                SAI1_IRQHandler
                0x00000000080034d0                RTC_Alarm_IRQHandler
 .text._read    0x00000000080034d2       0x1c Application/SW4STM32/syscalls.o
                0x00000000080034d2                _read
 *fill*         0x00000000080034ee        0x2 
 .text._sbrk    0x00000000080034f0       0x3c Application/SW4STM32/syscalls.o
                0x00000000080034f0                _sbrk
 .text._close   0x000000000800352c        0x6 Application/SW4STM32/syscalls.o
                0x000000000800352c                _close
 .text._fstat   0x0000000008003532        0xa Application/SW4STM32/syscalls.o
                0x0000000008003532                _fstat
 .text._isatty  0x000000000800353c        0x4 Application/SW4STM32/syscalls.o
                0x000000000800353c                _isatty
 .text._lseek   0x0000000008003540        0x4 Application/SW4STM32/syscalls.o
                0x0000000008003540                _lseek
 .text.MX_X_CUBE_AI_Init
                0x0000000008003544       0xcc Application/User/app_x-cube-ai.o
                0x0000000008003544                MX_X_CUBE_AI_Init
 .text.MX_X_CUBE_AI_Process
                0x0000000008003610       0x3c Application/User/app_x-cube-ai.o
                0x0000000008003610                MX_X_CUBE_AI_Process
 .text.Lcd_Init
                0x000000000800364c       0x60 Application/User/main.o
 .text.MX_CRC_Init
                0x00000000080036ac       0x18 Application/User/main.o
 .text.Touch_init
                0x00000000080036c4       0x30 Application/User/main.o
 .text.Reset_Pred
                0x00000000080036f4       0x1e Application/User/main.o
                0x00000000080036f4                Reset_Pred
 *fill*         0x0000000008003712        0x2 
 .text._write   0x0000000008003714       0x38 Application/User/main.o
                0x0000000008003714                _write
 .text.Draw_Menu
                0x000000000800374c       0xa0 Application/User/main.o
                0x000000000800374c                Draw_Menu
 .text.SystemClock_Config
                0x00000000080037ec       0xb4 Application/User/main.o
                0x00000000080037ec                SystemClock_Config
 .text.main     0x00000000080038a0      0x1e4 Application/User/main.o
                0x00000000080038a0                main
 .text.MX_USART1_UART_Init
                0x0000000008003a84       0x2c Application/User/main.o
                0x0000000008003a84                MX_USART1_UART_Init
 .text.HAL_FMC_MspInit
                0x0000000008003ab0       0xdc Application/User/stm32f4xx_hal_msp.o
 .text.HAL_MspInit
                0x0000000008003b8c       0x40 Application/User/stm32f4xx_hal_msp.o
                0x0000000008003b8c                HAL_MspInit
 .text.HAL_CRC_MspInit
                0x0000000008003bcc       0x30 Application/User/stm32f4xx_hal_msp.o
                0x0000000008003bcc                HAL_CRC_MspInit
 .text.HAL_DMA2D_MspInit
                0x0000000008003bfc       0x30 Application/User/stm32f4xx_hal_msp.o
                0x0000000008003bfc                HAL_DMA2D_MspInit
 .text.HAL_I2C_MspInit
                0x0000000008003c2c       0xa8 Application/User/stm32f4xx_hal_msp.o
                0x0000000008003c2c                HAL_I2C_MspInit
 .text.HAL_I2C_MspDeInit
                0x0000000008003cd4       0x3c Application/User/stm32f4xx_hal_msp.o
                0x0000000008003cd4                HAL_I2C_MspDeInit
 .text.HAL_LTDC_MspInit
                0x0000000008003d10      0x188 Application/User/stm32f4xx_hal_msp.o
                0x0000000008003d10                HAL_LTDC_MspInit
 .text.HAL_SPI_MspInit
                0x0000000008003e98       0x6c Application/User/stm32f4xx_hal_msp.o
                0x0000000008003e98                HAL_SPI_MspInit
 .text.HAL_SPI_MspDeInit
                0x0000000008003f04       0x30 Application/User/stm32f4xx_hal_msp.o
                0x0000000008003f04                HAL_SPI_MspDeInit
 .text.HAL_UART_MspInit
                0x0000000008003f34       0x78 Application/User/stm32f4xx_hal_msp.o
                0x0000000008003f34                HAL_UART_MspInit
 .text.HAL_SDRAM_MspInit
                0x0000000008003fac        0x8 Application/User/stm32f4xx_hal_msp.o
                0x0000000008003fac                HAL_SDRAM_MspInit
 .text.NMI_Handler
                0x0000000008003fb4        0x2 Application/User/stm32f4xx_it.o
                0x0000000008003fb4                NMI_Handler
 .text.HardFault_Handler
                0x0000000008003fb6        0x2 Application/User/stm32f4xx_it.o
                0x0000000008003fb6                HardFault_Handler
 .text.MemManage_Handler
                0x0000000008003fb8        0x2 Application/User/stm32f4xx_it.o
                0x0000000008003fb8                MemManage_Handler
 .text.BusFault_Handler
                0x0000000008003fba        0x2 Application/User/stm32f4xx_it.o
                0x0000000008003fba                BusFault_Handler
 .text.UsageFault_Handler
                0x0000000008003fbc        0x2 Application/User/stm32f4xx_it.o
                0x0000000008003fbc                UsageFault_Handler
 .text.SVC_Handler
                0x0000000008003fbe        0x2 Application/User/stm32f4xx_it.o
                0x0000000008003fbe                SVC_Handler
 .text.DebugMon_Handler
                0x0000000008003fc0        0x2 Application/User/stm32f4xx_it.o
                0x0000000008003fc0                DebugMon_Handler
 .text.PendSV_Handler
                0x0000000008003fc2        0x2 Application/User/stm32f4xx_it.o
                0x0000000008003fc2                PendSV_Handler
 .text.SysTick_Handler
                0x0000000008003fc4        0x8 Application/User/stm32f4xx_it.o
                0x0000000008003fc4                SysTick_Handler
 .text.ili9341_GetLcdPixelWidth
                0x0000000008003fcc        0x4 Drivers/BSP/Components/ili9341/ili9341.o
                0x0000000008003fcc                ili9341_GetLcdPixelWidth
 .text.ili9341_GetLcdPixelHeight
                0x0000000008003fd0        0x6 Drivers/BSP/Components/ili9341/ili9341.o
                0x0000000008003fd0                ili9341_GetLcdPixelHeight
 .text.ili9341_WriteReg
                0x0000000008003fd6        0x8 Drivers/BSP/Components/ili9341/ili9341.o
                0x0000000008003fd6                ili9341_WriteReg
 .text.ili9341_DisplayOn
                0x0000000008003fde        0xa Drivers/BSP/Components/ili9341/ili9341.o
                0x0000000008003fde                ili9341_DisplayOn
 .text.ili9341_DisplayOff
                0x0000000008003fe8        0xa Drivers/BSP/Components/ili9341/ili9341.o
                0x0000000008003fe8                ili9341_DisplayOff
 .text.ili9341_WriteData
                0x0000000008003ff2        0x8 Drivers/BSP/Components/ili9341/ili9341.o
                0x0000000008003ff2                ili9341_WriteData
 .text.ili9341_Init
                0x0000000008003ffa      0x290 Drivers/BSP/Components/ili9341/ili9341.o
                0x0000000008003ffa                ili9341_Init
 .text.ili9341_ReadData
                0x000000000800428a        0x8 Drivers/BSP/Components/ili9341/ili9341.o
                0x000000000800428a                ili9341_ReadData
 .text.ili9341_ReadID
                0x0000000008004292       0x12 Drivers/BSP/Components/ili9341/ili9341.o
                0x0000000008004292                ili9341_ReadID
 .text.stmpe811_GetInstance
                0x00000000080042a4       0x20 Drivers/BSP/Components/stmpe811/stmpe811.o
 .text.stmpe811_IO_WritePin
                0x00000000080042c4       0x1c Drivers/BSP/Components/stmpe811/stmpe811.o
                0x00000000080042c4                stmpe811_IO_WritePin
 .text.stmpe811_Reset
                0x00000000080042e0       0x26 Drivers/BSP/Components/stmpe811/stmpe811.o
                0x00000000080042e0                stmpe811_Reset
 *fill*         0x0000000008004306        0x2 
 .text.stmpe811_Init
                0x0000000008004308       0x2c Drivers/BSP/Components/stmpe811/stmpe811.o
                0x0000000008004308                stmpe811_Init
 .text.stmpe811_ReadID
                0x0000000008004334       0x24 Drivers/BSP/Components/stmpe811/stmpe811.o
                0x0000000008004334                stmpe811_ReadID
 .text.stmpe811_IO_ReadPin
                0x0000000008004358       0x12 Drivers/BSP/Components/stmpe811/stmpe811.o
                0x0000000008004358                stmpe811_IO_ReadPin
 .text.stmpe811_IO_ITStatus
                0x000000000800436a       0x12 Drivers/BSP/Components/stmpe811/stmpe811.o
                0x000000000800436a                stmpe811_IO_ITStatus
 .text.stmpe811_TS_DetectTouch
                0x000000000800437c       0x3e Drivers/BSP/Components/stmpe811/stmpe811.o
                0x000000000800437c                stmpe811_TS_DetectTouch
 .text.stmpe811_TS_GetXY
                0x00000000080043ba       0x56 Drivers/BSP/Components/stmpe811/stmpe811.o
                0x00000000080043ba                stmpe811_TS_GetXY
 .text.stmpe811_EnableGlobalIT
                0x0000000008004410       0x1c Drivers/BSP/Components/stmpe811/stmpe811.o
                0x0000000008004410                stmpe811_EnableGlobalIT
 .text.stmpe811_DisableGlobalIT
                0x000000000800442c       0x1a Drivers/BSP/Components/stmpe811/stmpe811.o
                0x000000000800442c                stmpe811_DisableGlobalIT
 .text.stmpe811_EnableITSource
                0x0000000008004446       0x1e Drivers/BSP/Components/stmpe811/stmpe811.o
                0x0000000008004446                stmpe811_EnableITSource
 .text.stmpe811_IO_EnableIT
                0x0000000008004464       0x18 Drivers/BSP/Components/stmpe811/stmpe811.o
                0x0000000008004464                stmpe811_IO_EnableIT
 .text.stmpe811_TS_EnableIT
                0x000000000800447c       0x18 Drivers/BSP/Components/stmpe811/stmpe811.o
                0x000000000800447c                stmpe811_TS_EnableIT
 .text.stmpe811_DisableITSource
                0x0000000008004494       0x1e Drivers/BSP/Components/stmpe811/stmpe811.o
                0x0000000008004494                stmpe811_DisableITSource
 .text.stmpe811_IO_DisableIT
                0x00000000080044b2       0x12 Drivers/BSP/Components/stmpe811/stmpe811.o
                0x00000000080044b2                stmpe811_IO_DisableIT
 .text.stmpe811_TS_DisableIT
                0x00000000080044c4       0x12 Drivers/BSP/Components/stmpe811/stmpe811.o
                0x00000000080044c4                stmpe811_TS_DisableIT
 .text.stmpe811_SetITPolarity
                0x00000000080044d6       0x1e Drivers/BSP/Components/stmpe811/stmpe811.o
                0x00000000080044d6                stmpe811_SetITPolarity
 .text.stmpe811_SetITType
                0x00000000080044f4       0x1e Drivers/BSP/Components/stmpe811/stmpe811.o
                0x00000000080044f4                stmpe811_SetITType
 .text.stmpe811_ReadGITStatus
                0x0000000008004512       0x10 Drivers/BSP/Components/stmpe811/stmpe811.o
                0x0000000008004512                stmpe811_ReadGITStatus
 .text.stmpe811_TS_ITStatus
                0x0000000008004522        0xa Drivers/BSP/Components/stmpe811/stmpe811.o
                0x0000000008004522                stmpe811_TS_ITStatus
 .text.stmpe811_ClearGlobalIT
                0x000000000800452c        0xe Drivers/BSP/Components/stmpe811/stmpe811.o
                0x000000000800452c                stmpe811_ClearGlobalIT
 .text.stmpe811_IO_ClearIT
                0x000000000800453a       0x3a Drivers/BSP/Components/stmpe811/stmpe811.o
                0x000000000800453a                stmpe811_IO_ClearIT
 .text.stmpe811_TS_ClearIT
                0x0000000008004574        0xa Drivers/BSP/Components/stmpe811/stmpe811.o
                0x0000000008004574                stmpe811_TS_ClearIT
 .text.stmpe811_IO_InitPin
                0x000000000800457e       0x2a Drivers/BSP/Components/stmpe811/stmpe811.o
                0x000000000800457e                stmpe811_IO_InitPin
 .text.stmpe811_IO_DisableAF
                0x00000000080045a8       0x1e Drivers/BSP/Components/stmpe811/stmpe811.o
                0x00000000080045a8                stmpe811_IO_DisableAF
 .text.stmpe811_IO_Start
                0x00000000080045c6       0x26 Drivers/BSP/Components/stmpe811/stmpe811.o
                0x00000000080045c6                stmpe811_IO_Start
 .text.stmpe811_IO_EnableAF
                0x00000000080045ec       0x1e Drivers/BSP/Components/stmpe811/stmpe811.o
                0x00000000080045ec                stmpe811_IO_EnableAF
 .text.stmpe811_TS_Start
                0x000000000800460a       0xa2 Drivers/BSP/Components/stmpe811/stmpe811.o
                0x000000000800460a                stmpe811_TS_Start
 .text.stmpe811_IO_SetEdgeMode
                0x00000000080046ac       0x54 Drivers/BSP/Components/stmpe811/stmpe811.o
                0x00000000080046ac                stmpe811_IO_SetEdgeMode
 .text.stmpe811_IO_EnablePinIT
                0x0000000008004700       0x1e Drivers/BSP/Components/stmpe811/stmpe811.o
                0x0000000008004700                stmpe811_IO_EnablePinIT
 .text.stmpe811_IO_Config
                0x000000000800471e       0xd8 Drivers/BSP/Components/stmpe811/stmpe811.o
                0x000000000800471e                stmpe811_IO_Config
 *fill*         0x00000000080047f6        0x2 
 .text.SPIx_MspInit
                0x00000000080047f8       0x5c Drivers/BSP/STM32F429I-Discovery/stm32f429i_discovery.o
 .text.I2Cx_MspInit
                0x0000000008004854       0xbc Drivers/BSP/STM32F429I-Discovery/stm32f429i_discovery.o
 .text.I2Cx_ITConfig
                0x0000000008004910       0x54 Drivers/BSP/STM32F429I-Discovery/stm32f429i_discovery.o
 .text.SPIx_Init
                0x0000000008004964       0x4c Drivers/BSP/STM32F429I-Discovery/stm32f429i_discovery.o
 .text.SPIx_Error
                0x00000000080049b0       0x14 Drivers/BSP/STM32F429I-Discovery/stm32f429i_discovery.o
 .text.SPIx_Write
                0x00000000080049c4       0x2c Drivers/BSP/STM32F429I-Discovery/stm32f429i_discovery.o
 .text.SPIx_Read
                0x00000000080049f0       0x2c Drivers/BSP/STM32F429I-Discovery/stm32f429i_discovery.o
 .text.I2Cx_Init
                0x0000000008004a1c       0x44 Drivers/BSP/STM32F429I-Discovery/stm32f429i_discovery.o
 .text.I2Cx_Error
                0x0000000008004a60       0x14 Drivers/BSP/STM32F429I-Discovery/stm32f429i_discovery.o
 .text.I2Cx_WriteData
                0x0000000008004a74       0x34 Drivers/BSP/STM32F429I-Discovery/stm32f429i_discovery.o
 .text.I2Cx_ReadData
                0x0000000008004aa8       0x3c Drivers/BSP/STM32F429I-Discovery/stm32f429i_discovery.o
 .text.I2Cx_ReadBuffer
                0x0000000008004ae4       0x34 Drivers/BSP/STM32F429I-Discovery/stm32f429i_discovery.o
 .text.BSP_PB_Init
                0x0000000008004b18       0x84 Drivers/BSP/STM32F429I-Discovery/stm32f429i_discovery.o
                0x0000000008004b18                BSP_PB_Init
 .text.BSP_PB_GetState
                0x0000000008004b9c       0x18 Drivers/BSP/STM32F429I-Discovery/stm32f429i_discovery.o
                0x0000000008004b9c                BSP_PB_GetState
 .text.LCD_IO_Init
                0x0000000008004bb4       0xcc Drivers/BSP/STM32F429I-Discovery/stm32f429i_discovery.o
                0x0000000008004bb4                LCD_IO_Init
 .text.LCD_IO_WriteData
                0x0000000008004c80       0x38 Drivers/BSP/STM32F429I-Discovery/stm32f429i_discovery.o
                0x0000000008004c80                LCD_IO_WriteData
 .text.LCD_IO_WriteReg
                0x0000000008004cb8       0x38 Drivers/BSP/STM32F429I-Discovery/stm32f429i_discovery.o
                0x0000000008004cb8                LCD_IO_WriteReg
 .text.LCD_IO_ReadData
                0x0000000008004cf0       0x50 Drivers/BSP/STM32F429I-Discovery/stm32f429i_discovery.o
                0x0000000008004cf0                LCD_IO_ReadData
 .text.LCD_Delay
                0x0000000008004d40        0x8 Drivers/BSP/STM32F429I-Discovery/stm32f429i_discovery.o
                0x0000000008004d40                LCD_Delay
 .text.IOE_Init
                0x0000000008004d48        0x8 Drivers/BSP/STM32F429I-Discovery/stm32f429i_discovery.o
                0x0000000008004d48                IOE_Init
 .text.IOE_ITConfig
                0x0000000008004d50        0x8 Drivers/BSP/STM32F429I-Discovery/stm32f429i_discovery.o
                0x0000000008004d50                IOE_ITConfig
 .text.IOE_Write
                0x0000000008004d58        0x8 Drivers/BSP/STM32F429I-Discovery/stm32f429i_discovery.o
                0x0000000008004d58                IOE_Write
 .text.IOE_Read
                0x0000000008004d60        0x8 Drivers/BSP/STM32F429I-Discovery/stm32f429i_discovery.o
                0x0000000008004d60                IOE_Read
 .text.IOE_ReadMultiple
                0x0000000008004d68        0x8 Drivers/BSP/STM32F429I-Discovery/stm32f429i_discovery.o
                0x0000000008004d68                IOE_ReadMultiple
 .text.IOE_Delay
                0x0000000008004d70        0x8 Drivers/BSP/STM32F429I-Discovery/stm32f429i_discovery.o
                0x0000000008004d70                IOE_Delay
 .text.FillBuffer
                0x0000000008004d78       0x5c Drivers/BSP/STM32F429I-Discovery/stm32f429i_discovery_lcd.o
 .text.BSP_LCD_GetXSize
                0x0000000008004dd4       0x10 Drivers/BSP/STM32F429I-Discovery/stm32f429i_discovery_lcd.o
                0x0000000008004dd4                BSP_LCD_GetXSize
 .text.BSP_LCD_GetYSize
                0x0000000008004de4       0x10 Drivers/BSP/STM32F429I-Discovery/stm32f429i_discovery_lcd.o
                0x0000000008004de4                BSP_LCD_GetYSize
 .text.BSP_LCD_LayerDefaultInit
                0x0000000008004df4       0x88 Drivers/BSP/STM32F429I-Discovery/stm32f429i_discovery_lcd.o
                0x0000000008004df4                BSP_LCD_LayerDefaultInit
 .text.BSP_LCD_SelectLayer
                0x0000000008004e7c        0xc Drivers/BSP/STM32F429I-Discovery/stm32f429i_discovery_lcd.o
                0x0000000008004e7c                BSP_LCD_SelectLayer
 .text.BSP_LCD_SetLayerVisible
                0x0000000008004e88       0x40 Drivers/BSP/STM32F429I-Discovery/stm32f429i_discovery_lcd.o
                0x0000000008004e88                BSP_LCD_SetLayerVisible
 .text.BSP_LCD_SetColorKeying
                0x0000000008004ec8       0x1c Drivers/BSP/STM32F429I-Discovery/stm32f429i_discovery_lcd.o
                0x0000000008004ec8                BSP_LCD_SetColorKeying
 .text.BSP_LCD_SetTextColor
                0x0000000008004ee4       0x14 Drivers/BSP/STM32F429I-Discovery/stm32f429i_discovery_lcd.o
                0x0000000008004ee4                BSP_LCD_SetTextColor
 .text.BSP_LCD_SetFont
                0x0000000008004ef8       0x14 Drivers/BSP/STM32F429I-Discovery/stm32f429i_discovery_lcd.o
                0x0000000008004ef8                BSP_LCD_SetFont
 .text.BSP_LCD_Clear
                0x0000000008004f0c       0x3c Drivers/BSP/STM32F429I-Discovery/stm32f429i_discovery_lcd.o
                0x0000000008004f0c                BSP_LCD_Clear
 .text.BSP_LCD_DrawHLine
                0x0000000008004f48       0x50 Drivers/BSP/STM32F429I-Discovery/stm32f429i_discovery_lcd.o
                0x0000000008004f48                BSP_LCD_DrawHLine
 .text.BSP_LCD_DrawVLine
                0x0000000008004f98       0x58 Drivers/BSP/STM32F429I-Discovery/stm32f429i_discovery_lcd.o
                0x0000000008004f98                BSP_LCD_DrawVLine
 .text.BSP_LCD_DrawRect
                0x0000000008004ff0       0x32 Drivers/BSP/STM32F429I-Discovery/stm32f429i_discovery_lcd.o
                0x0000000008004ff0                BSP_LCD_DrawRect
 *fill*         0x0000000008005022        0x2 
 .text.BSP_LCD_FillRect
                0x0000000008005024       0x70 Drivers/BSP/STM32F429I-Discovery/stm32f429i_discovery_lcd.o
                0x0000000008005024                BSP_LCD_FillRect
 .text.BSP_LCD_DisplayOn
                0x0000000008005094       0x14 Drivers/BSP/STM32F429I-Discovery/stm32f429i_discovery_lcd.o
                0x0000000008005094                BSP_LCD_DisplayOn
 .text.BSP_LCD_MspInit
                0x00000000080050a8      0x148 Drivers/BSP/STM32F429I-Discovery/stm32f429i_discovery_lcd.o
                0x00000000080050a8                BSP_LCD_MspInit
 .text.BSP_LCD_Init
                0x00000000080051f0       0x9c Drivers/BSP/STM32F429I-Discovery/stm32f429i_discovery_lcd.o
                0x00000000080051f0                BSP_LCD_Init
 .text.BSP_LCD_DrawPixel
                0x000000000800528c       0x2c Drivers/BSP/STM32F429I-Discovery/stm32f429i_discovery_lcd.o
                0x000000000800528c                BSP_LCD_DrawPixel
 .text.DrawChar
                0x00000000080052b8       0xe0 Drivers/BSP/STM32F429I-Discovery/stm32f429i_discovery_lcd.o
 .text.BSP_LCD_DisplayChar
                0x0000000008005398       0x30 Drivers/BSP/STM32F429I-Discovery/stm32f429i_discovery_lcd.o
                0x0000000008005398                BSP_LCD_DisplayChar
 .text.BSP_LCD_DisplayStringAt
                0x00000000080053c8       0xc4 Drivers/BSP/STM32F429I-Discovery/stm32f429i_discovery_lcd.o
                0x00000000080053c8                BSP_LCD_DisplayStringAt
 .text.BSP_LCD_DrawCircle
                0x000000000800548c      0x12c Drivers/BSP/STM32F429I-Discovery/stm32f429i_discovery_lcd.o
                0x000000000800548c                BSP_LCD_DrawCircle
 .text.BSP_LCD_FillCircle
                0x00000000080055b8       0xd4 Drivers/BSP/STM32F429I-Discovery/stm32f429i_discovery_lcd.o
                0x00000000080055b8                BSP_LCD_FillCircle
 .text.BSP_SDRAM_Initialization_sequence
                0x000000000800568c       0x9c Drivers/BSP/STM32F429I-Discovery/stm32f429i_discovery_sdram.o
                0x000000000800568c                BSP_SDRAM_Initialization_sequence
 .text.BSP_SDRAM_MspInit
                0x0000000008005728      0x194 Drivers/BSP/STM32F429I-Discovery/stm32f429i_discovery_sdram.o
                0x0000000008005728                BSP_SDRAM_MspInit
 .text.BSP_SDRAM_Init
                0x00000000080058bc       0x90 Drivers/BSP/STM32F429I-Discovery/stm32f429i_discovery_sdram.o
                0x00000000080058bc                BSP_SDRAM_Init
 .text.BSP_TS_Init
                0x000000000800594c       0x3c Drivers/BSP/STM32F429I-Discovery/stm32f429i_discovery_ts.o
                0x000000000800594c                BSP_TS_Init
 .text.BSP_TS_GetState
                0x0000000008005988       0xdc Drivers/BSP/STM32F429I-Discovery/stm32f429i_discovery_ts.o
                0x0000000008005988                BSP_TS_GetState
 .text.arm_dot_prod_f32
                0x0000000008005a64       0x84 Drivers/CMSIS/DSP/Source/BasicMathFunctions/arm_dot_prod_f32.o
                0x0000000008005a64                arm_dot_prod_f32
 .text.SystemInit
                0x0000000008005ae8       0x4c Drivers/CMSIS/system_stm32f4xx.o
                0x0000000008005ae8                SystemInit
 .text.HAL_InitTick
                0x0000000008005b34       0x48 Drivers/STM32F4xx_HAL_Driver/stm32f4xx_hal.o
                0x0000000008005b34                HAL_InitTick
 .text.HAL_Init
                0x0000000008005b7c       0x34 Drivers/STM32F4xx_HAL_Driver/stm32f4xx_hal.o
                0x0000000008005b7c                HAL_Init
 .text.HAL_IncTick
                0x0000000008005bb0       0x18 Drivers/STM32F4xx_HAL_Driver/stm32f4xx_hal.o
                0x0000000008005bb0                HAL_IncTick
 .text.HAL_GetTick
                0x0000000008005bc8        0xc Drivers/STM32F4xx_HAL_Driver/stm32f4xx_hal.o
                0x0000000008005bc8                HAL_GetTick
 .text.HAL_Delay
                0x0000000008005bd4       0x28 Drivers/STM32F4xx_HAL_Driver/stm32f4xx_hal.o
                0x0000000008005bd4                HAL_Delay
 .text.HAL_NVIC_SetPriorityGrouping
                0x0000000008005bfc       0x24 Drivers/STM32F4xx_HAL_Driver/stm32f4xx_hal_cortex.o
                0x0000000008005bfc                HAL_NVIC_SetPriorityGrouping
 .text.HAL_NVIC_SetPriority
                0x0000000008005c20       0x68 Drivers/STM32F4xx_HAL_Driver/stm32f4xx_hal_cortex.o
                0x0000000008005c20                HAL_NVIC_SetPriority
 .text.HAL_NVIC_EnableIRQ
                0x0000000008005c88       0x1c Drivers/STM32F4xx_HAL_Driver/stm32f4xx_hal_cortex.o
                0x0000000008005c88                HAL_NVIC_EnableIRQ
 .text.HAL_SYSTICK_Config
                0x0000000008005ca4       0x2c Drivers/STM32F4xx_HAL_Driver/stm32f4xx_hal_cortex.o
                0x0000000008005ca4                HAL_SYSTICK_Config
 .text.HAL_CRC_Init
                0x0000000008005cd0       0x22 Drivers/STM32F4xx_HAL_Driver/stm32f4xx_hal_crc.o
                0x0000000008005cd0                HAL_CRC_Init
 *fill*         0x0000000008005cf2        0x2 
 .text.DMA_CalcBaseAndBitshift
                0x0000000008005cf4       0x3c Drivers/STM32F4xx_HAL_Driver/stm32f4xx_hal_dma.o
 .text.DMA_CheckFifoParam
                0x0000000008005d30       0x8e Drivers/STM32F4xx_HAL_Driver/stm32f4xx_hal_dma.o
 *fill*         0x0000000008005dbe        0x2 
 .text.HAL_DMA_Init
                0x0000000008005dc0       0xcc Drivers/STM32F4xx_HAL_Driver/stm32f4xx_hal_dma.o
                0x0000000008005dc0                HAL_DMA_Init
 .text.HAL_DMA_DeInit
                0x0000000008005e8c       0x66 Drivers/STM32F4xx_HAL_Driver/stm32f4xx_hal_dma.o
                0x0000000008005e8c                HAL_DMA_DeInit
 .text.DMA2D_SetConfig
                0x0000000008005ef2       0x8c Drivers/STM32F4xx_HAL_Driver/stm32f4xx_hal_dma2d.o
 .text.HAL_DMA2D_Init
                0x0000000008005f7e       0x5a Drivers/STM32F4xx_HAL_Driver/stm32f4xx_hal_dma2d.o
                0x0000000008005f7e                HAL_DMA2D_Init
 .text.HAL_DMA2D_Start
                0x0000000008005fd8       0x38 Drivers/STM32F4xx_HAL_Driver/stm32f4xx_hal_dma2d.o
                0x0000000008005fd8                HAL_DMA2D_Start
 .text.HAL_DMA2D_PollForTransfer
                0x0000000008006010      0x13e Drivers/STM32F4xx_HAL_Driver/stm32f4xx_hal_dma2d.o
                0x0000000008006010                HAL_DMA2D_PollForTransfer
 *fill*         0x000000000800614e        0x2 
 .text.HAL_DMA2D_ConfigLayer
                0x0000000008006150       0xc4 Drivers/STM32F4xx_HAL_Driver/stm32f4xx_hal_dma2d.o
                0x0000000008006150                HAL_DMA2D_ConfigLayer
 .text.HAL_GPIO_Init
                0x0000000008006214      0x1e0 Drivers/STM32F4xx_HAL_Driver/stm32f4xx_hal_gpio.o
                0x0000000008006214                HAL_GPIO_Init
 .text.HAL_GPIO_DeInit
                0x00000000080063f4      0x13c Drivers/STM32F4xx_HAL_Driver/stm32f4xx_hal_gpio.o
                0x00000000080063f4                HAL_GPIO_DeInit
 .text.HAL_GPIO_ReadPin
                0x0000000008006530        0xe Drivers/STM32F4xx_HAL_Driver/stm32f4xx_hal_gpio.o
                0x0000000008006530                HAL_GPIO_ReadPin
 .text.HAL_GPIO_WritePin
                0x000000000800653e        0xc Drivers/STM32F4xx_HAL_Driver/stm32f4xx_hal_gpio.o
                0x000000000800653e                HAL_GPIO_WritePin
 .text.I2C_IsAcknowledgeFailed
                0x000000000800654a       0x32 Drivers/STM32F4xx_HAL_Driver/stm32f4xx_hal_i2c.o
 .text.I2C_WaitOnFlagUntilTimeout
                0x000000000800657c       0x70 Drivers/STM32F4xx_HAL_Driver/stm32f4xx_hal_i2c.o
 .text.I2C_WaitOnMasterAddressFlagUntilTimeout
                0x00000000080065ec       0xa4 Drivers/STM32F4xx_HAL_Driver/stm32f4xx_hal_i2c.o
 .text.I2C_WaitOnTXEFlagUntilTimeout
                0x0000000008006690       0x54 Drivers/STM32F4xx_HAL_Driver/stm32f4xx_hal_i2c.o
 .text.I2C_RequestMemoryWrite
                0x00000000080066e4       0xc8 Drivers/STM32F4xx_HAL_Driver/stm32f4xx_hal_i2c.o
 .text.I2C_RequestMemoryRead
                0x00000000080067ac      0x134 Drivers/STM32F4xx_HAL_Driver/stm32f4xx_hal_i2c.o
 .text.I2C_WaitOnBTFFlagUntilTimeout
                0x00000000080068e0       0x54 Drivers/STM32F4xx_HAL_Driver/stm32f4xx_hal_i2c.o
 .text.I2C_WaitOnRXNEFlagUntilTimeout
                0x0000000008006934       0x6a Drivers/STM32F4xx_HAL_Driver/stm32f4xx_hal_i2c.o
 *fill*         0x000000000800699e        0x2 
 .text.HAL_I2C_Init
                0x00000000080069a0      0x1a0 Drivers/STM32F4xx_HAL_Driver/stm32f4xx_hal_i2c.o
                0x00000000080069a0                HAL_I2C_Init
 .text.HAL_I2C_DeInit
                0x0000000008006b40       0x32 Drivers/STM32F4xx_HAL_Driver/stm32f4xx_hal_i2c.o
                0x0000000008006b40                HAL_I2C_DeInit
 *fill*         0x0000000008006b72        0x2 
 .text.HAL_I2C_Mem_Write
                0x0000000008006b74      0x168 Drivers/STM32F4xx_HAL_Driver/stm32f4xx_hal_i2c.o
                0x0000000008006b74                HAL_I2C_Mem_Write
 .text.HAL_I2C_Mem_Read
                0x0000000008006cdc      0x2d0 Drivers/STM32F4xx_HAL_Driver/stm32f4xx_hal_i2c.o
                0x0000000008006cdc                HAL_I2C_Mem_Read
 .text.HAL_I2C_GetState
                0x0000000008006fac        0x6 Drivers/STM32F4xx_HAL_Driver/stm32f4xx_hal_i2c.o
                0x0000000008006fac                HAL_I2C_GetState
 .text.LTDC_SetConfig
                0x0000000008006fb2      0x192 Drivers/STM32F4xx_HAL_Driver/stm32f4xx_hal_ltdc.o
 .text.HAL_LTDC_Init
                0x0000000008007144       0xf4 Drivers/STM32F4xx_HAL_Driver/stm32f4xx_hal_ltdc.o
                0x0000000008007144                HAL_LTDC_Init
 .text.HAL_LTDC_ConfigLayer
                0x0000000008007238       0x5c Drivers/STM32F4xx_HAL_Driver/stm32f4xx_hal_ltdc.o
                0x0000000008007238                HAL_LTDC_ConfigLayer
 .text.HAL_LTDC_ConfigColorKeying
                0x0000000008007294       0x48 Drivers/STM32F4xx_HAL_Driver/stm32f4xx_hal_ltdc.o
                0x0000000008007294                HAL_LTDC_ConfigColorKeying
 .text.HAL_LTDC_EnableColorKeying
                0x00000000080072dc       0x3c Drivers/STM32F4xx_HAL_Driver/stm32f4xx_hal_ltdc.o
                0x00000000080072dc                HAL_LTDC_EnableColorKeying
 .text.HAL_LTDC_EnableDither
                0x0000000008007318       0x34 Drivers/STM32F4xx_HAL_Driver/stm32f4xx_hal_ltdc.o
                0x0000000008007318                HAL_LTDC_EnableDither
 .text.HAL_PWREx_EnableOverDrive
                0x000000000800734c       0x80 Drivers/STM32F4xx_HAL_Driver/stm32f4xx_hal_pwr_ex.o
                0x000000000800734c                HAL_PWREx_EnableOverDrive
 .text.HAL_RCC_OscConfig
                0x00000000080073cc      0x398 Drivers/STM32F4xx_HAL_Driver/stm32f4xx_hal_rcc.o
                0x00000000080073cc                HAL_RCC_OscConfig
 .text.HAL_RCC_GetSysClockFreq
                0x0000000008007764       0xd8 Drivers/STM32F4xx_HAL_Driver/stm32f4xx_hal_rcc.o
                0x0000000008007764                HAL_RCC_GetSysClockFreq
 .text.HAL_RCC_ClockConfig
                0x000000000800783c      0x158 Drivers/STM32F4xx_HAL_Driver/stm32f4xx_hal_rcc.o
                0x000000000800783c                HAL_RCC_ClockConfig
 .text.HAL_RCC_GetHCLKFreq
                0x0000000008007994        0xc Drivers/STM32F4xx_HAL_Driver/stm32f4xx_hal_rcc.o
                0x0000000008007994                HAL_RCC_GetHCLKFreq
 .text.HAL_RCC_GetPCLK1Freq
                0x00000000080079a0       0x20 Drivers/STM32F4xx_HAL_Driver/stm32f4xx_hal_rcc.o
                0x00000000080079a0                HAL_RCC_GetPCLK1Freq
 .text.HAL_RCC_GetPCLK2Freq
                0x00000000080079c0       0x20 Drivers/STM32F4xx_HAL_Driver/stm32f4xx_hal_rcc.o
                0x00000000080079c0                HAL_RCC_GetPCLK2Freq
 .text.HAL_RCCEx_PeriphCLKConfig
                0x00000000080079e0      0x268 Drivers/STM32F4xx_HAL_Driver/stm32f4xx_hal_rcc_ex.o
                0x00000000080079e0                HAL_RCCEx_PeriphCLKConfig
 .text.HAL_SDRAM_Init
                0x0000000008007c48       0x3e Drivers/STM32F4xx_HAL_Driver/stm32f4xx_hal_sdram.o
                0x0000000008007c48                HAL_SDRAM_Init
 .text.HAL_SDRAM_SendCommand
                0x0000000008007c86       0x3a Drivers/STM32F4xx_HAL_Driver/stm32f4xx_hal_sdram.o
                0x0000000008007c86                HAL_SDRAM_SendCommand
 .text.HAL_SDRAM_ProgramRefreshRate
                0x0000000008007cc0       0x28 Drivers/STM32F4xx_HAL_Driver/stm32f4xx_hal_sdram.o
                0x0000000008007cc0                HAL_SDRAM_ProgramRefreshRate
 .text.SPI_WaitFlagStateUntilTimeout
                0x0000000008007ce8       0x90 Drivers/STM32F4xx_HAL_Driver/stm32f4xx_hal_spi.o
 .text.SPI_EndRxTxTransaction
                0x0000000008007d78       0x28 Drivers/STM32F4xx_HAL_Driver/stm32f4xx_hal_spi.o
 .text.SPI_EndRxTransaction
                0x0000000008007da0       0x4c Drivers/STM32F4xx_HAL_Driver/stm32f4xx_hal_spi.o
 .text.HAL_SPI_Init
                0x0000000008007dec       0x80 Drivers/STM32F4xx_HAL_Driver/stm32f4xx_hal_spi.o
                0x0000000008007dec                HAL_SPI_Init
 .text.HAL_SPI_DeInit
                0x0000000008007e6c       0x2c Drivers/STM32F4xx_HAL_Driver/stm32f4xx_hal_spi.o
                0x0000000008007e6c                HAL_SPI_DeInit
 .text.HAL_SPI_Transmit
                0x0000000008007e98      0x19a Drivers/STM32F4xx_HAL_Driver/stm32f4xx_hal_spi.o
                0x0000000008007e98                HAL_SPI_Transmit
 .text.HAL_SPI_TransmitReceive
                0x0000000008008032      0x22e Drivers/STM32F4xx_HAL_Driver/stm32f4xx_hal_spi.o
                0x0000000008008032                HAL_SPI_TransmitReceive
 .text.HAL_SPI_Receive
                0x0000000008008260      0x162 Drivers/STM32F4xx_HAL_Driver/stm32f4xx_hal_spi.o
                0x0000000008008260                HAL_SPI_Receive
 .text.HAL_SPI_GetState
                0x00000000080083c2        0x6 Drivers/STM32F4xx_HAL_Driver/stm32f4xx_hal_spi.o
                0x00000000080083c2                HAL_SPI_GetState
 .text.UART_SetConfig
                0x00000000080083c8      0x334 Drivers/STM32F4xx_HAL_Driver/stm32f4xx_hal_uart.o
 .text.UART_WaitOnFlagUntilTimeout
                0x00000000080086fc       0x62 Drivers/STM32F4xx_HAL_Driver/stm32f4xx_hal_uart.o
 .text.HAL_UART_Init
                0x000000000800875e       0x5e Drivers/STM32F4xx_HAL_Driver/stm32f4xx_hal_uart.o
                0x000000000800875e                HAL_UART_Init
 .text.HAL_UART_Transmit
                0x00000000080087bc       0xe0 Drivers/STM32F4xx_HAL_Driver/stm32f4xx_hal_uart.o
                0x00000000080087bc                HAL_UART_Transmit
 .text.FMC_SDRAM_Init
                0x000000000800889c       0x78 Drivers/STM32F4xx_HAL_Driver/stm32f4xx_ll_fmc.o
                0x000000000800889c                FMC_SDRAM_Init
 .text.FMC_SDRAM_Timing_Init
                0x0000000008008914       0x96 Drivers/STM32F4xx_HAL_Driver/stm32f4xx_ll_fmc.o
                0x0000000008008914                FMC_SDRAM_Timing_Init
 .text.FMC_SDRAM_SendCommand
                0x00000000080089aa       0x54 Drivers/STM32F4xx_HAL_Driver/stm32f4xx_ll_fmc.o
                0x00000000080089aa                FMC_SDRAM_SendCommand
 .text.FMC_SDRAM_ProgramRefreshRate
                0x00000000080089fe        0xc Drivers/STM32F4xx_HAL_Driver/stm32f4xx_ll_fmc.o
                0x00000000080089fe                FMC_SDRAM_ProgramRefreshRate
 *fill*         0x0000000008008a0a        0x2 
 .text.ai_network_data_weights_get
                0x0000000008008a0c        0x8 Middlewares/ST/AI/AI/data/network_data.o
                0x0000000008008a0c                ai_network_data_weights_get
 .text.ai_network_get_info
                0x0000000008008a14      0x108 Middlewares/ST/AI/AI/src/network.o
                0x0000000008008a14                ai_network_get_info
 .text.ai_network_get_error
                0x0000000008008b1c        0x8 Middlewares/ST/AI/AI/src/network.o
                0x0000000008008b1c                ai_network_get_error
 .text.ai_network_create
                0x0000000008008b24       0x1c Middlewares/ST/AI/AI/src/network.o
                0x0000000008008b24                ai_network_create
 .text.ai_network_init
                0x0000000008008b40      0x1f4 Middlewares/ST/AI/AI/src/network.o
                0x0000000008008b40                ai_network_init
 .text.ai_network_run
                0x0000000008008d34        0x8 Middlewares/ST/AI/AI/src/network.o
                0x0000000008008d34                ai_network_run
 .text.tanhf    0x0000000008008d3c       0xb0 /Applications/Ac6/SystemWorkbench.app/Contents/Eclipse/plugins/fr.ac6.mcu.externaltools.arm-none.macos64_1.17.0.201812190825/tools/compiler/bin/../lib/gcc/arm-none-eabi/7.3.1/../../../../arm-none-eabi/lib/thumb/v7e-m/fpv4-sp/hard/libm.a(lib_a-sf_tanh.o)
                0x0000000008008d3c                tanhf
 .text.expf     0x0000000008008dec       0xfc /Applications/Ac6/SystemWorkbench.app/Contents/Eclipse/plugins/fr.ac6.mcu.externaltools.arm-none.macos64_1.17.0.201812190825/tools/compiler/bin/../lib/gcc/arm-none-eabi/7.3.1/../../../../arm-none-eabi/lib/thumb/v7e-m/fpv4-sp/hard/libm.a(lib_a-wf_exp.o)
                0x0000000008008dec                expf
 .text.powf     0x0000000008008ee8      0x324 /Applications/Ac6/SystemWorkbench.app/Contents/Eclipse/plugins/fr.ac6.mcu.externaltools.arm-none.macos64_1.17.0.201812190825/tools/compiler/bin/../lib/gcc/arm-none-eabi/7.3.1/../../../../arm-none-eabi/lib/thumb/v7e-m/fpv4-sp/hard/libm.a(lib_a-wf_pow.o)
                0x0000000008008ee8                powf
 .text.__ieee754_expf
                0x000000000800920c      0x1b4 /Applications/Ac6/SystemWorkbench.app/Contents/Eclipse/plugins/fr.ac6.mcu.externaltools.arm-none.macos64_1.17.0.201812190825/tools/compiler/bin/../lib/gcc/arm-none-eabi/7.3.1/../../../../arm-none-eabi/lib/thumb/v7e-m/fpv4-sp/hard/libm.a(lib_a-ef_exp.o)
                0x000000000800920c                __ieee754_expf
 .text.__ieee754_powf
                0x00000000080093c0      0x5e4 /Applications/Ac6/SystemWorkbench.app/Contents/Eclipse/plugins/fr.ac6.mcu.externaltools.arm-none.macos64_1.17.0.201812190825/tools/compiler/bin/../lib/gcc/arm-none-eabi/7.3.1/../../../../arm-none-eabi/lib/thumb/v7e-m/fpv4-sp/hard/libm.a(lib_a-ef_pow.o)
                0x00000000080093c0                __ieee754_powf
 .text.__ieee754_sqrtf
                0x00000000080099a4        0x8 /Applications/Ac6/SystemWorkbench.app/Contents/Eclipse/plugins/fr.ac6.mcu.externaltools.arm-none.macos64_1.17.0.201812190825/tools/compiler/bin/../lib/gcc/arm-none-eabi/7.3.1/../../../../arm-none-eabi/lib/thumb/v7e-m/fpv4-sp/hard/libm.a(lib_a-ef_sqrt.o)
                0x00000000080099a4                __ieee754_sqrtf
 .text.matherr  0x00000000080099ac        0x4 /Applications/Ac6/SystemWorkbench.app/Contents/Eclipse/plugins/fr.ac6.mcu.externaltools.arm-none.macos64_1.17.0.201812190825/tools/compiler/bin/../lib/gcc/arm-none-eabi/7.3.1/../../../../arm-none-eabi/lib/thumb/v7e-m/fpv4-sp/hard/libm.a(lib_a-s_matherr.o)
                0x00000000080099ac                matherr
 .text.expm1f   0x00000000080099b0      0x274 /Applications/Ac6/SystemWorkbench.app/Contents/Eclipse/plugins/fr.ac6.mcu.externaltools.arm-none.macos64_1.17.0.201812190825/tools/compiler/bin/../lib/gcc/arm-none-eabi/7.3.1/../../../../arm-none-eabi/lib/thumb/v7e-m/fpv4-sp/hard/libm.a(lib_a-sf_expm1.o)
                0x00000000080099b0                expm1f
 .text.fabsf    0x0000000008009c24       0x10 /Applications/Ac6/SystemWorkbench.app/Contents/Eclipse/plugins/fr.ac6.mcu.externaltools.arm-none.macos64_1.17.0.201812190825/tools/compiler/bin/../lib/gcc/arm-none-eabi/7.3.1/../../../../arm-none-eabi/lib/thumb/v7e-m/fpv4-sp/hard/libm.a(lib_a-sf_fabs.o)
                0x0000000008009c24                fabsf
 .text.finitef  0x0000000008009c34       0x14 /Applications/Ac6/SystemWorkbench.app/Contents/Eclipse/plugins/fr.ac6.mcu.externaltools.arm-none.macos64_1.17.0.201812190825/tools/compiler/bin/../lib/gcc/arm-none-eabi/7.3.1/../../../../arm-none-eabi/lib/thumb/v7e-m/fpv4-sp/hard/libm.a(lib_a-sf_finite.o)
                0x0000000008009c34                finitef
 .text.nanf     0x0000000008009c48        0xc /Applications/Ac6/SystemWorkbench.app/Contents/Eclipse/plugins/fr.ac6.mcu.externaltools.arm-none.macos64_1.17.0.201812190825/tools/compiler/bin/../lib/gcc/arm-none-eabi/7.3.1/../../../../arm-none-eabi/lib/thumb/v7e-m/fpv4-sp/hard/libm.a(lib_a-sf_nan.o)
                0x0000000008009c48                nanf
 .text.rintf    0x0000000008009c54       0xc0 /Applications/Ac6/SystemWorkbench.app/Contents/Eclipse/plugins/fr.ac6.mcu.externaltools.arm-none.macos64_1.17.0.201812190825/tools/compiler/bin/../lib/gcc/arm-none-eabi/7.3.1/../../../../arm-none-eabi/lib/thumb/v7e-m/fpv4-sp/hard/libm.a(lib_a-sf_rint.o)
                0x0000000008009c54                rintf
 .text.scalbnf  0x0000000008009d14       0xd0 /Applications/Ac6/SystemWorkbench.app/Contents/Eclipse/plugins/fr.ac6.mcu.externaltools.arm-none.macos64_1.17.0.201812190825/tools/compiler/bin/../lib/gcc/arm-none-eabi/7.3.1/../../../../arm-none-eabi/lib/thumb/v7e-m/fpv4-sp/hard/libm.a(lib_a-sf_scalbn.o)
                0x0000000008009d14                scalbnf
 .text.copysignf
                0x0000000008009de4       0x18 /Applications/Ac6/SystemWorkbench.app/Contents/Eclipse/plugins/fr.ac6.mcu.externaltools.arm-none.macos64_1.17.0.201812190825/tools/compiler/bin/../lib/gcc/arm-none-eabi/7.3.1/../../../../arm-none-eabi/lib/thumb/v7e-m/fpv4-sp/hard/libm.a(lib_a-sf_copysign.o)
                0x0000000008009de4                copysignf
 .text.__aeabi_memcpy
                0x0000000008009dfc        0x4 /Applications/Ac6/SystemWorkbench.app/Contents/Eclipse/plugins/fr.ac6.mcu.externaltools.arm-none.macos64_1.17.0.201812190825/tools/compiler/bin/../lib/gcc/arm-none-eabi/7.3.1/../../../../arm-none-eabi/lib/thumb/v7e-m/fpv4-sp/hard/libc_nano.a(lib_a-aeabi_memcpy.o)
                0x0000000008009dfc                __aeabi_memcpy
                0x0000000008009dfc                __aeabi_memcpy4
                0x0000000008009dfc                __aeabi_memcpy8
 .text.__errno  0x0000000008009e00        0xc /Applications/Ac6/SystemWorkbench.app/Contents/Eclipse/plugins/fr.ac6.mcu.externaltools.arm-none.macos64_1.17.0.201812190825/tools/compiler/bin/../lib/gcc/arm-none-eabi/7.3.1/../../../../arm-none-eabi/lib/thumb/v7e-m/fpv4-sp/hard/libc_nano.a(lib_a-errno.o)
                0x0000000008009e00                __errno
 .text.__libc_init_array
                0x0000000008009e0c       0x48 /Applications/Ac6/SystemWorkbench.app/Contents/Eclipse/plugins/fr.ac6.mcu.externaltools.arm-none.macos64_1.17.0.201812190825/tools/compiler/bin/../lib/gcc/arm-none-eabi/7.3.1/../../../../arm-none-eabi/lib/thumb/v7e-m/fpv4-sp/hard/libc_nano.a(lib_a-init.o)
                0x0000000008009e0c                __libc_init_array
 .text.memcmp   0x0000000008009e54       0x1e /Applications/Ac6/SystemWorkbench.app/Contents/Eclipse/plugins/fr.ac6.mcu.externaltools.arm-none.macos64_1.17.0.201812190825/tools/compiler/bin/../lib/gcc/arm-none-eabi/7.3.1/../../../../arm-none-eabi/lib/thumb/v7e-m/fpv4-sp/hard/libc_nano.a(lib_a-memcmp.o)
                0x0000000008009e54                memcmp
 .text.memcpy   0x0000000008009e72       0x16 /Applications/Ac6/SystemWorkbench.app/Contents/Eclipse/plugins/fr.ac6.mcu.externaltools.arm-none.macos64_1.17.0.201812190825/tools/compiler/bin/../lib/gcc/arm-none-eabi/7.3.1/../../../../arm-none-eabi/lib/thumb/v7e-m/fpv4-sp/hard/libc_nano.a(lib_a-memcpy-stub.o)
                0x0000000008009e72                memcpy
 .text.memset   0x0000000008009e88       0x10 /Applications/Ac6/SystemWorkbench.app/Contents/Eclipse/plugins/fr.ac6.mcu.externaltools.arm-none.macos64_1.17.0.201812190825/tools/compiler/bin/../lib/gcc/arm-none-eabi/7.3.1/../../../../arm-none-eabi/lib/thumb/v7e-m/fpv4-sp/hard/libc_nano.a(lib_a-memset.o)
                0x0000000008009e88                memset
 .text.__cvt    0x0000000008009e98       0xc2 /Applications/Ac6/SystemWorkbench.app/Contents/Eclipse/plugins/fr.ac6.mcu.externaltools.arm-none.macos64_1.17.0.201812190825/tools/compiler/bin/../lib/gcc/arm-none-eabi/7.3.1/../../../../arm-none-eabi/lib/thumb/v7e-m/fpv4-sp/hard/libc_nano.a(lib_a-nano-vfprintf_float.o)
                0x0000000008009e98                __cvt
 .text.__exponent
                0x0000000008009f5a       0x66 /Applications/Ac6/SystemWorkbench.app/Contents/Eclipse/plugins/fr.ac6.mcu.externaltools.arm-none.macos64_1.17.0.201812190825/tools/compiler/bin/../lib/gcc/arm-none-eabi/7.3.1/../../../../arm-none-eabi/lib/thumb/v7e-m/fpv4-sp/hard/libc_nano.a(lib_a-nano-vfprintf_float.o)
                0x0000000008009f5a                __exponent
 .text._printf_float
                0x0000000008009fc0      0x480 /Applications/Ac6/SystemWorkbench.app/Contents/Eclipse/plugins/fr.ac6.mcu.externaltools.arm-none.macos64_1.17.0.201812190825/tools/compiler/bin/../lib/gcc/arm-none-eabi/7.3.1/../../../../arm-none-eabi/lib/thumb/v7e-m/fpv4-sp/hard/libc_nano.a(lib_a-nano-vfprintf_float.o)
                0x0000000008009fc0                _printf_float
 .text._printf_common
                0x000000000800a440       0xea /Applications/Ac6/SystemWorkbench.app/Contents/Eclipse/plugins/fr.ac6.mcu.externaltools.arm-none.macos64_1.17.0.201812190825/tools/compiler/bin/../lib/gcc/arm-none-eabi/7.3.1/../../../../arm-none-eabi/lib/thumb/v7e-m/fpv4-sp/hard/libc_nano.a(lib_a-nano-vfprintf_i.o)
                0x000000000800a440                _printf_common
 *fill*         0x000000000800a52a        0x2 
 .text._printf_i
                0x000000000800a52c      0x224 /Applications/Ac6/SystemWorkbench.app/Contents/Eclipse/plugins/fr.ac6.mcu.externaltools.arm-none.macos64_1.17.0.201812190825/tools/compiler/bin/../lib/gcc/arm-none-eabi/7.3.1/../../../../arm-none-eabi/lib/thumb/v7e-m/fpv4-sp/hard/libc_nano.a(lib_a-nano-vfprintf_i.o)
                0x000000000800a52c                _printf_i
 .text.printf   0x000000000800a750       0x30 /Applications/Ac6/SystemWorkbench.app/Contents/Eclipse/plugins/fr.ac6.mcu.externaltools.arm-none.macos64_1.17.0.201812190825/tools/compiler/bin/../lib/gcc/arm-none-eabi/7.3.1/../../../../arm-none-eabi/lib/thumb/v7e-m/fpv4-sp/hard/libc_nano.a(lib_a-printf.o)
                0x000000000800a750                printf
                0x000000000800a750                iprintf
 .text._puts_r  0x000000000800a780       0xb8 /Applications/Ac6/SystemWorkbench.app/Contents/Eclipse/plugins/fr.ac6.mcu.externaltools.arm-none.macos64_1.17.0.201812190825/tools/compiler/bin/../lib/gcc/arm-none-eabi/7.3.1/../../../../arm-none-eabi/lib/thumb/v7e-m/fpv4-sp/hard/libc_nano.a(lib_a-puts.o)
                0x000000000800a780                _puts_r
 .text.puts     0x000000000800a838       0x10 /Applications/Ac6/SystemWorkbench.app/Contents/Eclipse/plugins/fr.ac6.mcu.externaltools.arm-none.macos64_1.17.0.201812190825/tools/compiler/bin/../lib/gcc/arm-none-eabi/7.3.1/../../../../arm-none-eabi/lib/thumb/v7e-m/fpv4-sp/hard/libc_nano.a(lib_a-puts.o)
                0x000000000800a838                puts
 .text.sprintf  0x000000000800a848       0x40 /Applications/Ac6/SystemWorkbench.app/Contents/Eclipse/plugins/fr.ac6.mcu.externaltools.arm-none.macos64_1.17.0.201812190825/tools/compiler/bin/../lib/gcc/arm-none-eabi/7.3.1/../../../../arm-none-eabi/lib/thumb/v7e-m/fpv4-sp/hard/libc_nano.a(lib_a-sprintf.o)
                0x000000000800a848                sprintf
                0x000000000800a848                siprintf
 .text.__swbuf_r
                0x000000000800a888       0xa4 /Applications/Ac6/SystemWorkbench.app/Contents/Eclipse/plugins/fr.ac6.mcu.externaltools.arm-none.macos64_1.17.0.201812190825/tools/compiler/bin/../lib/gcc/arm-none-eabi/7.3.1/../../../../arm-none-eabi/lib/thumb/v7e-m/fpv4-sp/hard/libc_nano.a(lib_a-wbuf.o)
                0x000000000800a888                __swbuf_r
 .text.__swsetup_r
                0x000000000800a92c       0xdc /Applications/Ac6/SystemWorkbench.app/Contents/Eclipse/plugins/fr.ac6.mcu.externaltools.arm-none.macos64_1.17.0.201812190825/tools/compiler/bin/../lib/gcc/arm-none-eabi/7.3.1/../../../../arm-none-eabi/lib/thumb/v7e-m/fpv4-sp/hard/libc_nano.a(lib_a-wsetup.o)
                0x000000000800a92c                __swsetup_r
 .text.quorem   0x000000000800aa08      0x118 /Applications/Ac6/SystemWorkbench.app/Contents/Eclipse/plugins/fr.ac6.mcu.externaltools.arm-none.macos64_1.17.0.201812190825/tools/compiler/bin/../lib/gcc/arm-none-eabi/7.3.1/../../../../arm-none-eabi/lib/thumb/v7e-m/fpv4-sp/hard/libc_nano.a(lib_a-dtoa.o)
 .text._dtoa_r  0x000000000800ab20      0xb70 /Applications/Ac6/SystemWorkbench.app/Contents/Eclipse/plugins/fr.ac6.mcu.externaltools.arm-none.macos64_1.17.0.201812190825/tools/compiler/bin/../lib/gcc/arm-none-eabi/7.3.1/../../../../arm-none-eabi/lib/thumb/v7e-m/fpv4-sp/hard/libc_nano.a(lib_a-dtoa.o)
                0x000000000800ab20                _dtoa_r
 .text.__sflush_r
                0x000000000800b690      0x10c /Applications/Ac6/SystemWorkbench.app/Contents/Eclipse/plugins/fr.ac6.mcu.externaltools.arm-none.macos64_1.17.0.201812190825/tools/compiler/bin/../lib/gcc/arm-none-eabi/7.3.1/../../../../arm-none-eabi/lib/thumb/v7e-m/fpv4-sp/hard/libc_nano.a(lib_a-fflush.o)
                0x000000000800b690                __sflush_r
 .text._fflush_r
                0x000000000800b79c       0x54 /Applications/Ac6/SystemWorkbench.app/Contents/Eclipse/plugins/fr.ac6.mcu.externaltools.arm-none.macos64_1.17.0.201812190825/tools/compiler/bin/../lib/gcc/arm-none-eabi/7.3.1/../../../../arm-none-eabi/lib/thumb/v7e-m/fpv4-sp/hard/libc_nano.a(lib_a-fflush.o)
                0x000000000800b79c                _fflush_r
 .text.std      0x000000000800b7f0       0x48 /Applications/Ac6/SystemWorkbench.app/Contents/Eclipse/plugins/fr.ac6.mcu.externaltools.arm-none.macos64_1.17.0.201812190825/tools/compiler/bin/../lib/gcc/arm-none-eabi/7.3.1/../../../../arm-none-eabi/lib/thumb/v7e-m/fpv4-sp/hard/libc_nano.a(lib_a-findfp.o)
 .text._cleanup_r
                0x000000000800b838        0xc /Applications/Ac6/SystemWorkbench.app/Contents/Eclipse/plugins/fr.ac6.mcu.externaltools.arm-none.macos64_1.17.0.201812190825/tools/compiler/bin/../lib/gcc/arm-none-eabi/7.3.1/../../../../arm-none-eabi/lib/thumb/v7e-m/fpv4-sp/hard/libc_nano.a(lib_a-findfp.o)
                0x000000000800b838                _cleanup_r
 .text.__sfmoreglue
                0x000000000800b844       0x2c /Applications/Ac6/SystemWorkbench.app/Contents/Eclipse/plugins/fr.ac6.mcu.externaltools.arm-none.macos64_1.17.0.201812190825/tools/compiler/bin/../lib/gcc/arm-none-eabi/7.3.1/../../../../arm-none-eabi/lib/thumb/v7e-m/fpv4-sp/hard/libc_nano.a(lib_a-findfp.o)
                0x000000000800b844                __sfmoreglue
 .text.__sinit  0x000000000800b870       0x60 /Applications/Ac6/SystemWorkbench.app/Contents/Eclipse/plugins/fr.ac6.mcu.externaltools.arm-none.macos64_1.17.0.201812190825/tools/compiler/bin/../lib/gcc/arm-none-eabi/7.3.1/../../../../arm-none-eabi/lib/thumb/v7e-m/fpv4-sp/hard/libc_nano.a(lib_a-findfp.o)
                0x000000000800b870                __sinit
 .text.__sfp    0x000000000800b8d0       0x78 /Applications/Ac6/SystemWorkbench.app/Contents/Eclipse/plugins/fr.ac6.mcu.externaltools.arm-none.macos64_1.17.0.201812190825/tools/compiler/bin/../lib/gcc/arm-none-eabi/7.3.1/../../../../arm-none-eabi/lib/thumb/v7e-m/fpv4-sp/hard/libc_nano.a(lib_a-findfp.o)
                0x000000000800b8d0                __sfp
 .text._fwalk_reent
                0x000000000800b948       0x3c /Applications/Ac6/SystemWorkbench.app/Contents/Eclipse/plugins/fr.ac6.mcu.externaltools.arm-none.macos64_1.17.0.201812190825/tools/compiler/bin/../lib/gcc/arm-none-eabi/7.3.1/../../../../arm-none-eabi/lib/thumb/v7e-m/fpv4-sp/hard/libc_nano.a(lib_a-fwalk.o)
                0x000000000800b948                _fwalk_reent
 .text._localeconv_r
                0x000000000800b984       0x1c /Applications/Ac6/SystemWorkbench.app/Contents/Eclipse/plugins/fr.ac6.mcu.externaltools.arm-none.macos64_1.17.0.201812190825/tools/compiler/bin/../lib/gcc/arm-none-eabi/7.3.1/../../../../arm-none-eabi/lib/thumb/v7e-m/fpv4-sp/hard/libc_nano.a(lib_a-localeconv.o)
                0x000000000800b984                _localeconv_r
 .text.__swhatbuf_r
                0x000000000800b9a0       0x48 /Applications/Ac6/SystemWorkbench.app/Contents/Eclipse/plugins/fr.ac6.mcu.externaltools.arm-none.macos64_1.17.0.201812190825/tools/compiler/bin/../lib/gcc/arm-none-eabi/7.3.1/../../../../arm-none-eabi/lib/thumb/v7e-m/fpv4-sp/hard/libc_nano.a(lib_a-makebuf.o)
                0x000000000800b9a0                __swhatbuf_r
 .text.__smakebuf_r
                0x000000000800b9e8       0x80 /Applications/Ac6/SystemWorkbench.app/Contents/Eclipse/plugins/fr.ac6.mcu.externaltools.arm-none.macos64_1.17.0.201812190825/tools/compiler/bin/../lib/gcc/arm-none-eabi/7.3.1/../../../../arm-none-eabi/lib/thumb/v7e-m/fpv4-sp/hard/libc_nano.a(lib_a-makebuf.o)
                0x000000000800b9e8                __smakebuf_r
 .text.malloc   0x000000000800ba68       0x10 /Applications/Ac6/SystemWorkbench.app/Contents/Eclipse/plugins/fr.ac6.mcu.externaltools.arm-none.macos64_1.17.0.201812190825/tools/compiler/bin/../lib/gcc/arm-none-eabi/7.3.1/../../../../arm-none-eabi/lib/thumb/v7e-m/fpv4-sp/hard/libc_nano.a(lib_a-malloc.o)
                0x000000000800ba68                malloc
 .text._Balloc  0x000000000800ba78       0x68 /Applications/Ac6/SystemWorkbench.app/Contents/Eclipse/plugins/fr.ac6.mcu.externaltools.arm-none.macos64_1.17.0.201812190825/tools/compiler/bin/../lib/gcc/arm-none-eabi/7.3.1/../../../../arm-none-eabi/lib/thumb/v7e-m/fpv4-sp/hard/libc_nano.a(lib_a-mprec.o)
                0x000000000800ba78                _Balloc
 .text._Bfree   0x000000000800bae0       0x2e /Applications/Ac6/SystemWorkbench.app/Contents/Eclipse/plugins/fr.ac6.mcu.externaltools.arm-none.macos64_1.17.0.201812190825/tools/compiler/bin/../lib/gcc/arm-none-eabi/7.3.1/../../../../arm-none-eabi/lib/thumb/v7e-m/fpv4-sp/hard/libc_nano.a(lib_a-mprec.o)
                0x000000000800bae0                _Bfree
 .text.__multadd
                0x000000000800bb0e       0x76 /Applications/Ac6/SystemWorkbench.app/Contents/Eclipse/plugins/fr.ac6.mcu.externaltools.arm-none.macos64_1.17.0.201812190825/tools/compiler/bin/../lib/gcc/arm-none-eabi/7.3.1/../../../../arm-none-eabi/lib/thumb/v7e-m/fpv4-sp/hard/libc_nano.a(lib_a-mprec.o)
                0x000000000800bb0e                __multadd
 .text.__hi0bits
                0x000000000800bb84       0x3e /Applications/Ac6/SystemWorkbench.app/Contents/Eclipse/plugins/fr.ac6.mcu.externaltools.arm-none.macos64_1.17.0.201812190825/tools/compiler/bin/../lib/gcc/arm-none-eabi/7.3.1/../../../../arm-none-eabi/lib/thumb/v7e-m/fpv4-sp/hard/libc_nano.a(lib_a-mprec.o)
                0x000000000800bb84                __hi0bits
 .text.__lo0bits
                0x000000000800bbc2       0x5e /Applications/Ac6/SystemWorkbench.app/Contents/Eclipse/plugins/fr.ac6.mcu.externaltools.arm-none.macos64_1.17.0.201812190825/tools/compiler/bin/../lib/gcc/arm-none-eabi/7.3.1/../../../../arm-none-eabi/lib/thumb/v7e-m/fpv4-sp/hard/libc_nano.a(lib_a-mprec.o)
                0x000000000800bbc2                __lo0bits
 .text.__i2b    0x000000000800bc20       0x12 /Applications/Ac6/SystemWorkbench.app/Contents/Eclipse/plugins/fr.ac6.mcu.externaltools.arm-none.macos64_1.17.0.201812190825/tools/compiler/bin/../lib/gcc/arm-none-eabi/7.3.1/../../../../arm-none-eabi/lib/thumb/v7e-m/fpv4-sp/hard/libc_nano.a(lib_a-mprec.o)
                0x000000000800bc20                __i2b
 .text.__multiply
                0x000000000800bc32      0x12c /Applications/Ac6/SystemWorkbench.app/Contents/Eclipse/plugins/fr.ac6.mcu.externaltools.arm-none.macos64_1.17.0.201812190825/tools/compiler/bin/../lib/gcc/arm-none-eabi/7.3.1/../../../../arm-none-eabi/lib/thumb/v7e-m/fpv4-sp/hard/libc_nano.a(lib_a-mprec.o)
                0x000000000800bc32                __multiply
 *fill*         0x000000000800bd5e        0x2 
 .text.__pow5mult
                0x000000000800bd60       0x9c /Applications/Ac6/SystemWorkbench.app/Contents/Eclipse/plugins/fr.ac6.mcu.externaltools.arm-none.macos64_1.17.0.201812190825/tools/compiler/bin/../lib/gcc/arm-none-eabi/7.3.1/../../../../arm-none-eabi/lib/thumb/v7e-m/fpv4-sp/hard/libc_nano.a(lib_a-mprec.o)
                0x000000000800bd60                __pow5mult
 .text.__lshift
                0x000000000800bdfc       0xa8 /Applications/Ac6/SystemWorkbench.app/Contents/Eclipse/plugins/fr.ac6.mcu.externaltools.arm-none.macos64_1.17.0.201812190825/tools/compiler/bin/../lib/gcc/arm-none-eabi/7.3.1/../../../../arm-none-eabi/lib/thumb/v7e-m/fpv4-sp/hard/libc_nano.a(lib_a-mprec.o)
                0x000000000800bdfc                __lshift
 .text.__mcmp   0x000000000800bea4       0x34 /Applications/Ac6/SystemWorkbench.app/Contents/Eclipse/plugins/fr.ac6.mcu.externaltools.arm-none.macos64_1.17.0.201812190825/tools/compiler/bin/../lib/gcc/arm-none-eabi/7.3.1/../../../../arm-none-eabi/lib/thumb/v7e-m/fpv4-sp/hard/libc_nano.a(lib_a-mprec.o)
                0x000000000800bea4                __mcmp
 .text.__mdiff  0x000000000800bed8       0xba /Applications/Ac6/SystemWorkbench.app/Contents/Eclipse/plugins/fr.ac6.mcu.externaltools.arm-none.macos64_1.17.0.201812190825/tools/compiler/bin/../lib/gcc/arm-none-eabi/7.3.1/../../../../arm-none-eabi/lib/thumb/v7e-m/fpv4-sp/hard/libc_nano.a(lib_a-mprec.o)
                0x000000000800bed8                __mdiff
 .text.__d2b    0x000000000800bf92       0x9e /Applications/Ac6/SystemWorkbench.app/Contents/Eclipse/plugins/fr.ac6.mcu.externaltools.arm-none.macos64_1.17.0.201812190825/tools/compiler/bin/../lib/gcc/arm-none-eabi/7.3.1/../../../../arm-none-eabi/lib/thumb/v7e-m/fpv4-sp/hard/libc_nano.a(lib_a-mprec.o)
                0x000000000800bf92                __d2b
 .text._calloc_r
                0x000000000800c030       0x1c /Applications/Ac6/SystemWorkbench.app/Contents/Eclipse/plugins/fr.ac6.mcu.externaltools.arm-none.macos64_1.17.0.201812190825/tools/compiler/bin/../lib/gcc/arm-none-eabi/7.3.1/../../../../arm-none-eabi/lib/thumb/v7e-m/fpv4-sp/hard/libc_nano.a(lib_a-nano-callocr.o)
                0x000000000800c030                _calloc_r
 .text._free_r  0x000000000800c04c       0x9c /Applications/Ac6/SystemWorkbench.app/Contents/Eclipse/plugins/fr.ac6.mcu.externaltools.arm-none.macos64_1.17.0.201812190825/tools/compiler/bin/../lib/gcc/arm-none-eabi/7.3.1/../../../../arm-none-eabi/lib/thumb/v7e-m/fpv4-sp/hard/libc_nano.a(lib_a-nano-freer.o)
                0x000000000800c04c                _free_r
 .text._malloc_r
                0x000000000800c0e8       0xb4 /Applications/Ac6/SystemWorkbench.app/Contents/Eclipse/plugins/fr.ac6.mcu.externaltools.arm-none.macos64_1.17.0.201812190825/tools/compiler/bin/../lib/gcc/arm-none-eabi/7.3.1/../../../../arm-none-eabi/lib/thumb/v7e-m/fpv4-sp/hard/libc_nano.a(lib_a-nano-mallocr.o)
                0x000000000800c0e8                _malloc_r
 .text.__ssputs_r
                0x000000000800c19c       0xb4 /Applications/Ac6/SystemWorkbench.app/Contents/Eclipse/plugins/fr.ac6.mcu.externaltools.arm-none.macos64_1.17.0.201812190825/tools/compiler/bin/../lib/gcc/arm-none-eabi/7.3.1/../../../../arm-none-eabi/lib/thumb/v7e-m/fpv4-sp/hard/libc_nano.a(lib_a-nano-svfprintf.o)
                0x000000000800c19c                __ssputs_r
 .text._svfprintf_r
                0x000000000800c250      0x1f0 /Applications/Ac6/SystemWorkbench.app/Contents/Eclipse/plugins/fr.ac6.mcu.externaltools.arm-none.macos64_1.17.0.201812190825/tools/compiler/bin/../lib/gcc/arm-none-eabi/7.3.1/../../../../arm-none-eabi/lib/thumb/v7e-m/fpv4-sp/hard/libc_nano.a(lib_a-nano-svfprintf.o)
                0x000000000800c250                _svfprintf_r
                0x000000000800c250                _svfiprintf_r
 .text.__sfputc_r
                0x000000000800c440       0x2e /Applications/Ac6/SystemWorkbench.app/Contents/Eclipse/plugins/fr.ac6.mcu.externaltools.arm-none.macos64_1.17.0.201812190825/tools/compiler/bin/../lib/gcc/arm-none-eabi/7.3.1/../../../../arm-none-eabi/lib/thumb/v7e-m/fpv4-sp/hard/libc_nano.a(lib_a-nano-vfprintf.o)
 .text.__sfputs_r
                0x000000000800c46e       0x24 /Applications/Ac6/SystemWorkbench.app/Contents/Eclipse/plugins/fr.ac6.mcu.externaltools.arm-none.macos64_1.17.0.201812190825/tools/compiler/bin/../lib/gcc/arm-none-eabi/7.3.1/../../../../arm-none-eabi/lib/thumb/v7e-m/fpv4-sp/hard/libc_nano.a(lib_a-nano-vfprintf.o)
                0x000000000800c46e                __sfputs_r
 *fill*         0x000000000800c492        0x2 
 .text._vfprintf_r
                0x000000000800c494      0x22c /Applications/Ac6/SystemWorkbench.app/Contents/Eclipse/plugins/fr.ac6.mcu.externaltools.arm-none.macos64_1.17.0.201812190825/tools/compiler/bin/../lib/gcc/arm-none-eabi/7.3.1/../../../../arm-none-eabi/lib/thumb/v7e-m/fpv4-sp/hard/libc_nano.a(lib_a-nano-vfprintf.o)
                0x000000000800c494                _vfiprintf_r
                0x000000000800c494                _vfprintf_r
 .text._sbrk_r  0x000000000800c6c0       0x20 /Applications/Ac6/SystemWorkbench.app/Contents/Eclipse/plugins/fr.ac6.mcu.externaltools.arm-none.macos64_1.17.0.201812190825/tools/compiler/bin/../lib/gcc/arm-none-eabi/7.3.1/../../../../arm-none-eabi/lib/thumb/v7e-m/fpv4-sp/hard/libc_nano.a(lib_a-sbrkr.o)
                0x000000000800c6c0                _sbrk_r
 .text.__sread  0x000000000800c6e0       0x22 /Applications/Ac6/SystemWorkbench.app/Contents/Eclipse/plugins/fr.ac6.mcu.externaltools.arm-none.macos64_1.17.0.201812190825/tools/compiler/bin/../lib/gcc/arm-none-eabi/7.3.1/../../../../arm-none-eabi/lib/thumb/v7e-m/fpv4-sp/hard/libc_nano.a(lib_a-stdio.o)
                0x000000000800c6e0                __sread
 .text.__swrite
                0x000000000800c702       0x38 /Applications/Ac6/SystemWorkbench.app/Contents/Eclipse/plugins/fr.ac6.mcu.externaltools.arm-none.macos64_1.17.0.201812190825/tools/compiler/bin/../lib/gcc/arm-none-eabi/7.3.1/../../../../arm-none-eabi/lib/thumb/v7e-m/fpv4-sp/hard/libc_nano.a(lib_a-stdio.o)
                0x000000000800c702                __swrite
 .text.__sseek  0x000000000800c73a       0x24 /Applications/Ac6/SystemWorkbench.app/Contents/Eclipse/plugins/fr.ac6.mcu.externaltools.arm-none.macos64_1.17.0.201812190825/tools/compiler/bin/../lib/gcc/arm-none-eabi/7.3.1/../../../../arm-none-eabi/lib/thumb/v7e-m/fpv4-sp/hard/libc_nano.a(lib_a-stdio.o)
                0x000000000800c73a                __sseek
 .text.__sclose
                0x000000000800c75e        0x8 /Applications/Ac6/SystemWorkbench.app/Contents/Eclipse/plugins/fr.ac6.mcu.externaltools.arm-none.macos64_1.17.0.201812190825/tools/compiler/bin/../lib/gcc/arm-none-eabi/7.3.1/../../../../arm-none-eabi/lib/thumb/v7e-m/fpv4-sp/hard/libc_nano.a(lib_a-stdio.o)
                0x000000000800c75e                __sclose
 *fill*         0x000000000800c766        0x2 
 .text._write_r
                0x000000000800c768       0x24 /Applications/Ac6/SystemWorkbench.app/Contents/Eclipse/plugins/fr.ac6.mcu.externaltools.arm-none.macos64_1.17.0.201812190825/tools/compiler/bin/../lib/gcc/arm-none-eabi/7.3.1/../../../../arm-none-eabi/lib/thumb/v7e-m/fpv4-sp/hard/libc_nano.a(lib_a-writer.o)
                0x000000000800c768                _write_r
 .text._close_r
                0x000000000800c78c       0x20 /Applications/Ac6/SystemWorkbench.app/Contents/Eclipse/plugins/fr.ac6.mcu.externaltools.arm-none.macos64_1.17.0.201812190825/tools/compiler/bin/../lib/gcc/arm-none-eabi/7.3.1/../../../../arm-none-eabi/lib/thumb/v7e-m/fpv4-sp/hard/libc_nano.a(lib_a-closer.o)
                0x000000000800c78c                _close_r
 .text._fstat_r
                0x000000000800c7ac       0x24 /Applications/Ac6/SystemWorkbench.app/Contents/Eclipse/plugins/fr.ac6.mcu.externaltools.arm-none.macos64_1.17.0.201812190825/tools/compiler/bin/../lib/gcc/arm-none-eabi/7.3.1/../../../../arm-none-eabi/lib/thumb/v7e-m/fpv4-sp/hard/libc_nano.a(lib_a-fstatr.o)
                0x000000000800c7ac                _fstat_r
 .text._isatty_r
                0x000000000800c7d0       0x20 /Applications/Ac6/SystemWorkbench.app/Contents/Eclipse/plugins/fr.ac6.mcu.externaltools.arm-none.macos64_1.17.0.201812190825/tools/compiler/bin/../lib/gcc/arm-none-eabi/7.3.1/../../../../arm-none-eabi/lib/thumb/v7e-m/fpv4-sp/hard/libc_nano.a(lib_a-isattyr.o)
                0x000000000800c7d0                _isatty_r
 .text._lseek_r
                0x000000000800c7f0       0x24 /Applications/Ac6/SystemWorkbench.app/Contents/Eclipse/plugins/fr.ac6.mcu.externaltools.arm-none.macos64_1.17.0.201812190825/tools/compiler/bin/../lib/gcc/arm-none-eabi/7.3.1/../../../../arm-none-eabi/lib/thumb/v7e-m/fpv4-sp/hard/libc_nano.a(lib_a-lseekr.o)
                0x000000000800c7f0                _lseek_r
 .text.__ascii_mbtowc
                0x000000000800c814       0x24 /Applications/Ac6/SystemWorkbench.app/Contents/Eclipse/plugins/fr.ac6.mcu.externaltools.arm-none.macos64_1.17.0.201812190825/tools/compiler/bin/../lib/gcc/arm-none-eabi/7.3.1/../../../../arm-none-eabi/lib/thumb/v7e-m/fpv4-sp/hard/libc_nano.a(lib_a-mbtowc_r.o)
                0x000000000800c814                __ascii_mbtowc
 .text.memmove  0x000000000800c838       0x32 /Applications/Ac6/SystemWorkbench.app/Contents/Eclipse/plugins/fr.ac6.mcu.externaltools.arm-none.macos64_1.17.0.201812190825/tools/compiler/bin/../lib/gcc/arm-none-eabi/7.3.1/../../../../arm-none-eabi/lib/thumb/v7e-m/fpv4-sp/hard/libc_nano.a(lib_a-memmove.o)
                0x000000000800c838                memmove
 .text.__malloc_lock
                0x000000000800c86a        0x2 /Applications/Ac6/SystemWorkbench.app/Contents/Eclipse/plugins/fr.ac6.mcu.externaltools.arm-none.macos64_1.17.0.201812190825/tools/compiler/bin/../lib/gcc/arm-none-eabi/7.3.1/../../../../arm-none-eabi/lib/thumb/v7e-m/fpv4-sp/hard/libc_nano.a(lib_a-mlock.o)
                0x000000000800c86a                __malloc_lock
 .text.__malloc_unlock
                0x000000000800c86c        0x2 /Applications/Ac6/SystemWorkbench.app/Contents/Eclipse/plugins/fr.ac6.mcu.externaltools.arm-none.macos64_1.17.0.201812190825/tools/compiler/bin/../lib/gcc/arm-none-eabi/7.3.1/../../../../arm-none-eabi/lib/thumb/v7e-m/fpv4-sp/hard/libc_nano.a(lib_a-mlock.o)
                0x000000000800c86c                __malloc_unlock
 .text._realloc_r
                0x000000000800c86e       0x4c /Applications/Ac6/SystemWorkbench.app/Contents/Eclipse/plugins/fr.ac6.mcu.externaltools.arm-none.macos64_1.17.0.201812190825/tools/compiler/bin/../lib/gcc/arm-none-eabi/7.3.1/../../../../arm-none-eabi/lib/thumb/v7e-m/fpv4-sp/hard/libc_nano.a(lib_a-nano-reallocr.o)
                0x000000000800c86e                _realloc_r
 *fill*         0x000000000800c8ba        0x2 
 .text._read_r  0x000000000800c8bc       0x24 /Applications/Ac6/SystemWorkbench.app/Contents/Eclipse/plugins/fr.ac6.mcu.externaltools.arm-none.macos64_1.17.0.201812190825/tools/compiler/bin/../lib/gcc/arm-none-eabi/7.3.1/../../../../arm-none-eabi/lib/thumb/v7e-m/fpv4-sp/hard/libc_nano.a(lib_a-readr.o)
                0x000000000800c8bc                _read_r
 .text.__ascii_wctomb
                0x000000000800c8e0       0x1a /Applications/Ac6/SystemWorkbench.app/Contents/Eclipse/plugins/fr.ac6.mcu.externaltools.arm-none.macos64_1.17.0.201812190825/tools/compiler/bin/../lib/gcc/arm-none-eabi/7.3.1/../../../../arm-none-eabi/lib/thumb/v7e-m/fpv4-sp/hard/libc_nano.a(lib_a-wctomb_r.o)
                0x000000000800c8e0                __ascii_wctomb
 .text._malloc_usable_size_r
                0x000000000800c8fa       0x10 /Applications/Ac6/SystemWorkbench.app/Contents/Eclipse/plugins/fr.ac6.mcu.externaltools.arm-none.macos64_1.17.0.201812190825/tools/compiler/bin/../lib/gcc/arm-none-eabi/7.3.1/../../../../arm-none-eabi/lib/thumb/v7e-m/fpv4-sp/hard/libc_nano.a(lib_a-nano-msizer.o)
                0x000000000800c8fa                _malloc_usable_size_r
 *(.glue_7)
 .glue_7        0x000000000800c90a        0x0 linker stubs
 *(.glue_7t)
 .glue_7t       0x000000000800c90a        0x0 linker stubs
 *(.eh_frame)
 *fill*         0x000000000800c90a        0x2 
 .eh_frame      0x000000000800c90c        0x0 /Applications/Ac6/SystemWorkbench.app/Contents/Eclipse/plugins/fr.ac6.mcu.externaltools.arm-none.macos64_1.17.0.201812190825/tools/compiler/bin/../lib/gcc/arm-none-eabi/7.3.1/thumb/v7e-m/fpv4-sp/hard/crtbegin.o
 *(.init)
 .init          0x000000000800c90c        0x4 /Applications/Ac6/SystemWorkbench.app/Contents/Eclipse/plugins/fr.ac6.mcu.externaltools.arm-none.macos64_1.17.0.201812190825/tools/compiler/bin/../lib/gcc/arm-none-eabi/7.3.1/thumb/v7e-m/fpv4-sp/hard/crti.o
                0x000000000800c90c                _init
 .init          0x000000000800c910        0x8 /Applications/Ac6/SystemWorkbench.app/Contents/Eclipse/plugins/fr.ac6.mcu.externaltools.arm-none.macos64_1.17.0.201812190825/tools/compiler/bin/../lib/gcc/arm-none-eabi/7.3.1/thumb/v7e-m/fpv4-sp/hard/crtn.o
 *(.fini)
 .fini          0x000000000800c918        0x4 /Applications/Ac6/SystemWorkbench.app/Contents/Eclipse/plugins/fr.ac6.mcu.externaltools.arm-none.macos64_1.17.0.201812190825/tools/compiler/bin/../lib/gcc/arm-none-eabi/7.3.1/thumb/v7e-m/fpv4-sp/hard/crti.o
                0x000000000800c918                _fini